Archive member included to satisfy reference by file (symbol)

/usr/lib/gcc/arm-none-eabi/12.2.1/thumb/v6-m/nofp/libgcc.a(_dvmd_tls.o)
                              CMakeFiles/pdd.dir/home/koe/pico/pico-sdk/src/rp2_common/pico_divider/divider.S.obj (__aeabi_idiv0)
/usr/lib/gcc/arm-none-eabi/12.2.1/../../../arm-none-eabi/lib/thumb/v6-m/nofp/libg.a(lib_a-atexit.o)
                              /usr/lib/gcc/arm-none-eabi/12.2.1/../../../arm-none-eabi/lib/thumb/v6-m/nofp/crt0.o (atexit)
/usr/lib/gcc/arm-none-eabi/12.2.1/../../../arm-none-eabi/lib/thumb/v6-m/nofp/libg.a(lib_a-calloc.o)
                              CMakeFiles/pdd.dir/home/koe/pico/pico-sdk/src/rp2_common/pico_malloc/pico_malloc.c.obj (calloc)
/usr/lib/gcc/arm-none-eabi/12.2.1/../../../arm-none-eabi/lib/thumb/v6-m/nofp/libg.a(lib_a-callocr.o)
                              /usr/lib/gcc/arm-none-eabi/12.2.1/../../../arm-none-eabi/lib/thumb/v6-m/nofp/libg.a(lib_a-calloc.o) (_calloc_r)
/usr/lib/gcc/arm-none-eabi/12.2.1/../../../arm-none-eabi/lib/thumb/v6-m/nofp/libg.a(lib_a-fini.o)
                              /usr/lib/gcc/arm-none-eabi/12.2.1/../../../arm-none-eabi/lib/thumb/v6-m/nofp/crt0.o (__libc_fini_array)
/usr/lib/gcc/arm-none-eabi/12.2.1/../../../arm-none-eabi/lib/thumb/v6-m/nofp/libg.a(lib_a-impure.o)
                              /usr/lib/gcc/arm-none-eabi/12.2.1/../../../arm-none-eabi/lib/thumb/v6-m/nofp/libg.a(lib_a-calloc.o) (_impure_ptr)
/usr/lib/gcc/arm-none-eabi/12.2.1/../../../arm-none-eabi/lib/thumb/v6-m/nofp/libg.a(lib_a-init.o)
                              /usr/lib/gcc/arm-none-eabi/12.2.1/../../../arm-none-eabi/lib/thumb/v6-m/nofp/crt0.o (__libc_init_array)
/usr/lib/gcc/arm-none-eabi/12.2.1/../../../arm-none-eabi/lib/thumb/v6-m/nofp/libg.a(lib_a-malloc.o)
                              CMakeFiles/pdd.dir/home/koe/pico/pico-sdk/src/rp2_common/pico_malloc/pico_malloc.c.obj (malloc)
/usr/lib/gcc/arm-none-eabi/12.2.1/../../../arm-none-eabi/lib/thumb/v6-m/nofp/libg.a(lib_a-mallocr.o)
                              /usr/lib/gcc/arm-none-eabi/12.2.1/../../../arm-none-eabi/lib/thumb/v6-m/nofp/libg.a(lib_a-callocr.o) (_malloc_r)
/usr/lib/gcc/arm-none-eabi/12.2.1/../../../arm-none-eabi/lib/thumb/v6-m/nofp/libg.a(lib_a-mlock.o)
                              /usr/lib/gcc/arm-none-eabi/12.2.1/../../../arm-none-eabi/lib/thumb/v6-m/nofp/libg.a(lib_a-mallocr.o) (__malloc_lock)
/usr/lib/gcc/arm-none-eabi/12.2.1/../../../arm-none-eabi/lib/thumb/v6-m/nofp/libg.a(lib_a-realloc.o)
                              CMakeFiles/pdd.dir/home/koe/pico/pico-sdk/src/rp2_common/pico_malloc/pico_malloc.c.obj (realloc)
/usr/lib/gcc/arm-none-eabi/12.2.1/../../../arm-none-eabi/lib/thumb/v6-m/nofp/libg.a(lib_a-reallocr.o)
                              /usr/lib/gcc/arm-none-eabi/12.2.1/../../../arm-none-eabi/lib/thumb/v6-m/nofp/libg.a(lib_a-realloc.o) (_realloc_r)
/usr/lib/gcc/arm-none-eabi/12.2.1/../../../arm-none-eabi/lib/thumb/v6-m/nofp/libg.a(lib_a-sbrkr.o)
                              /usr/lib/gcc/arm-none-eabi/12.2.1/../../../arm-none-eabi/lib/thumb/v6-m/nofp/libg.a(lib_a-mallocr.o) (_sbrk_r)
/usr/lib/gcc/arm-none-eabi/12.2.1/../../../arm-none-eabi/lib/thumb/v6-m/nofp/libg.a(lib_a-strlen-stub.o)
                              CMakeFiles/pdd.dir/home/koe/pico/pico-sdk/src/rp2_common/pico_stdio/stdio.c.obj (strlen)
/usr/lib/gcc/arm-none-eabi/12.2.1/../../../arm-none-eabi/lib/thumb/v6-m/nofp/libg.a(lib_a-__atexit.o)
                              /usr/lib/gcc/arm-none-eabi/12.2.1/../../../arm-none-eabi/lib/thumb/v6-m/nofp/libg.a(lib_a-atexit.o) (__register_exitproc)
/usr/lib/gcc/arm-none-eabi/12.2.1/../../../arm-none-eabi/lib/thumb/v6-m/nofp/libg.a(lib_a-freer.o)
                              /usr/lib/gcc/arm-none-eabi/12.2.1/../../../arm-none-eabi/lib/thumb/v6-m/nofp/libg.a(lib_a-malloc.o) (_free_r)
/usr/lib/gcc/arm-none-eabi/12.2.1/../../../arm-none-eabi/lib/thumb/v6-m/nofp/libg.a(lib_a-memmove.o)
                              /usr/lib/gcc/arm-none-eabi/12.2.1/../../../arm-none-eabi/lib/thumb/v6-m/nofp/libg.a(lib_a-reallocr.o) (memmove)
/usr/lib/gcc/arm-none-eabi/12.2.1/../../../arm-none-eabi/lib/thumb/v6-m/nofp/libg.a(lib_a-reent.o)
                              /usr/lib/gcc/arm-none-eabi/12.2.1/../../../arm-none-eabi/lib/thumb/v6-m/nofp/libg.a(lib_a-sbrkr.o) (errno)

Discarded input sections

 .text          0x00000000        0x0 /usr/lib/gcc/arm-none-eabi/12.2.1/thumb/v6-m/nofp/crti.o
 .data          0x00000000        0x0 /usr/lib/gcc/arm-none-eabi/12.2.1/thumb/v6-m/nofp/crti.o
 .bss           0x00000000        0x0 /usr/lib/gcc/arm-none-eabi/12.2.1/thumb/v6-m/nofp/crti.o
 .data          0x00000000        0x4 /usr/lib/gcc/arm-none-eabi/12.2.1/thumb/v6-m/nofp/crtbegin.o
 .rodata        0x00000000       0x24 /usr/lib/gcc/arm-none-eabi/12.2.1/thumb/v6-m/nofp/crtbegin.o
 .fini_array    0x00000000        0x4 /usr/lib/gcc/arm-none-eabi/12.2.1/thumb/v6-m/nofp/crtbegin.o
[...]
Memory Configuration

Name             Origin             Length             Attributes
FLASH            0x10000000         0x00200000         xr
RAM              0x20000000         0x00040000         xrw
SCRATCH_X        0x20040000         0x00001000         xrw
SCRATCH_Y        0x20041000         0x00001000         xrw
*default*        0x00000000         0xffffffff

Linker script and memory map

LOAD /usr/lib/gcc/arm-none-eabi/12.2.1/thumb/v6-m/nofp/crti.o
LOAD /usr/lib/gcc/arm-none-eabi/12.2.1/thumb/v6-m/nofp/crtbegin.o
LOAD /usr/lib/gcc/arm-none-eabi/12.2.1/../../../arm-none-eabi/lib/thumb/v6-m/nofp/crt0.o

.flash_begin    0x10000000        0x0
                0x10000000                        __flash_binary_start = .

.boot2          0x10000000      0x100
                0x10000000                        __boot2_start__ = .
 *(.boot2)
 .boot2         0x10000000      0x100 /tmp/ccLI0XyX.o
                0x10000100                        __boot2_end__ = .
                0x00000001                        ASSERT (((__boot2_end__ - __boot2_start__) == 0x100), ERROR: Pico second stage bootloader must be 256 bytes in size)

.text           0x10000100     0x3ff0
                0x10000100                        __logical_binary_start = .
 *(.vectors)
 .vectors       0x10000100       0xd4 CMakeFiles/pdd.dir/home/koe/pico/pico-sdk/src/rp2_common/pico_standard_link/crt0.S.obj
                0x10000100                __vectors
                0x10000100                __VECTOR_TABLE
                0x100001c0                isr_invalid
                0x100001c0                __default_isrs_start
                0x100001c2                isr_nmi
                0x100001c4                isr_hardfault
                0x100001c6                isr_svcall
                0x100001c8                isr_pendsv
                0x100001ca                isr_systick
                0x100001cc                isr_irq30
                0x100001cc                __unhandled_user_irq
                0x100001cc                isr_irq13
                0x100001cc                isr_irq27
                0x100001cc                isr_irq31
                0x100001cc                isr_irq5
                0x100001cc                isr_irq11
                0x100001cc                isr_irq23
                0x100001cc                isr_irq18
                0x100001cc                isr_irq28
                0x100001cc                isr_irq19
                0x100001cc                isr_irq0
                0x100001cc                isr_irq6
                0x100001cc                isr_irq22
                0x100001cc                isr_irq17
                0x100001cc                isr_irq14
                0x100001cc                isr_irq2
                0x100001cc                isr_irq10
                0x100001cc                isr_irq8
                0x100001cc                isr_irq24
                0x100001cc                isr_irq1
                0x100001cc                isr_irq7
                0x100001cc                isr_irq21
                0x100001cc                isr_irq20
                0x100001cc                isr_irq15
                0x100001cc                isr_irq25
                0x100001cc                isr_irq4
                0x100001cc                isr_irq16
                0x100001cc                isr_irq29
                0x100001cc                isr_irq26
                0x100001cc                __default_isrs_end
                0x100001cc                isr_irq3
                0x100001cc                isr_irq12
                0x100001cc                isr_irq9
                0x100001d2                unhandled_user_irq_num_in_r0
 *(.binary_info_header)
 .binary_info_header
                0x100001d4       0x14 CMakeFiles/pdd.dir/home/koe/pico/pico-sdk/src/rp2_common/pico_standard_link/crt0.S.obj
                0x100001e8                        __binary_info_header_end = .
 *(.reset)
 .reset         0x100001e8       0xa0 CMakeFiles/pdd.dir/home/koe/pico/pico-sdk/src/rp2_common/pico_standard_link/crt0.S.obj
                0x100001e8                _entry_point
 .reset         0x10000288       0x30 CMakeFiles/pdd.dir/home/koe/pico/pico-sdk/src/rp2_common/pico_standard_link/binary_info.c.obj
 *(.init)
 .init          0x100002b8        0x4 /usr/lib/gcc/arm-none-eabi/12.2.1/thumb/v6-m/nofp/crti.o
                0x100002b8                _init
 *(EXCLUDE_FILE(*libm.a: *libc.a:*lib_a-mem*.o *libgcc.a:) .text*)
 .text          0x100002bc       0x98 /usr/lib/gcc/arm-none-eabi/12.2.1/thumb/v6-m/nofp/crtbegin.o
 .text.main     0x10000354       0x30 CMakeFiles/pdd.dir/pdd.c.obj
                0x10000354                main
 .text.gpio_set_function
                0x10000384       0x30 CMakeFiles/pdd.dir/home/koe/pico/pico-sdk/src/rp2_common/hardware_gpio/gpio.c.obj
                0x10000384                gpio_set_function
 .text.gpio_init
                0x100003b4       0x16 CMakeFiles/pdd.dir/home/koe/pico/pico-sdk/src/rp2_common/hardware_gpio/gpio.c.obj
                0x100003b4                gpio_init
 *fill*         0x100003ca        0x2 
 .text.running_on_fpga
                0x100003cc       0x14 CMakeFiles/pdd.dir/home/koe/pico/pico-sdk/src/rp2_common/pico_platform/platform.c.obj
                0x100003cc                running_on_fpga
 .text.hw_claim_lock
                0x100003e0       0x18 CMakeFiles/pdd.dir/home/koe/pico/pico-sdk/src/rp2_common/hardware_claim/claim.c.obj
                0x100003e0                hw_claim_lock
 .text.hw_claim_unlock
                0x100003f8       0x14 CMakeFiles/pdd.dir/home/koe/pico/pico-sdk/src/rp2_common/hardware_claim/claim.c.obj
                0x100003f8                hw_claim_unlock
 .text.hw_claim_or_assert
                0x1000040c       0x32 CMakeFiles/pdd.dir/home/koe/pico/pico-sdk/src/rp2_common/hardware_claim/claim.c.obj
                0x1000040c                hw_claim_or_assert
 *fill*         0x1000043e        0x2 
 .text.spin_locks_reset
                0x10000440       0x20 CMakeFiles/pdd.dir/home/koe/pico/pico-sdk/src/rp2_common/hardware_sync/sync.c.obj
                0x10000440                spin_locks_reset
 .text.next_striped_spin_lock_num
                0x10000460       0x1c CMakeFiles/pdd.dir/home/koe/pico/pico-sdk/src/rp2_common/hardware_sync/sync.c.obj
                0x10000460                next_striped_spin_lock_num
 .text.set_raw_irq_handler_and_unlock
                0x1000047c       0x28 CMakeFiles/pdd.dir/home/koe/pico/pico-sdk/src/rp2_common/hardware_irq/irq.c.obj
 .text.resolve_branch
                0x100004a4       0x30 CMakeFiles/pdd.dir/home/koe/pico/pico-sdk/src/rp2_common/hardware_irq/irq.c.obj
 .text.make_branch
                0x100004d4       0x48 CMakeFiles/pdd.dir/home/koe/pico/pico-sdk/src/rp2_common/hardware_irq/irq.c.obj
 .text.insert_branch_and_link
                0x1000051c       0x40 CMakeFiles/pdd.dir/home/koe/pico/pico-sdk/src/rp2_common/hardware_irq/irq.c.obj
 .text.irq_is_enabled
                0x1000055c       0x18 CMakeFiles/pdd.dir/home/koe/pico/pico-sdk/src/rp2_common/hardware_irq/irq.c.obj
                0x1000055c                irq_is_enabled
 .text.irq_set_mask_enabled
                0x10000574       0x20 CMakeFiles/pdd.dir/home/koe/pico/pico-sdk/src/rp2_common/hardware_irq/irq.c.obj
                0x10000574                irq_set_mask_enabled
 .text.irq_set_enabled
                0x10000594        0xe CMakeFiles/pdd.dir/home/koe/pico/pico-sdk/src/rp2_common/hardware_irq/irq.c.obj
                0x10000594                irq_set_enabled
 *fill*         0x100005a2        0x2 
 .text.irq_get_vtable_handler
                0x100005a4       0x10 CMakeFiles/pdd.dir/home/koe/pico/pico-sdk/src/rp2_common/hardware_irq/irq.c.obj
                0x100005a4                irq_get_vtable_handler
 .text.irq_set_exclusive_handler
                0x100005b4       0x54 CMakeFiles/pdd.dir/home/koe/pico/pico-sdk/src/rp2_common/hardware_irq/irq.c.obj
                0x100005b4                irq_set_exclusive_handler
 .text.irq_remove_handler
                0x10000608      0x188 CMakeFiles/pdd.dir/home/koe/pico/pico-sdk/src/rp2_common/hardware_irq/irq.c.obj
                0x10000608                irq_remove_handler
 .text.irq_add_tail_to_free_list
                0x10000790       0xf0 CMakeFiles/pdd.dir/home/koe/pico/pico-sdk/src/rp2_common/hardware_irq/irq.c.obj
                0x10000790                irq_add_tail_to_free_list
 .text.irq_init_priorities
                0x10000880       0x1c CMakeFiles/pdd.dir/home/koe/pico/pico-sdk/src/rp2_common/hardware_irq/irq.c.obj
                0x10000880                irq_init_priorities
 .text.lock_init
                0x1000089c       0x10 CMakeFiles/pdd.dir/home/koe/pico/pico-sdk/src/common/pico_sync/lock_core.c.obj
                0x1000089c                lock_init
 .text.mutex_init
                0x100008ac       0x1a CMakeFiles/pdd.dir/home/koe/pico/pico-sdk/src/common/pico_sync/mutex.c.obj
                0x100008ac                mutex_init
 .text.recursive_mutex_init
                0x100008c6       0x1e CMakeFiles/pdd.dir/home/koe/pico/pico-sdk/src/common/pico_sync/mutex.c.obj
                0x100008c6                recursive_mutex_init
 .text.time_reached
                0x100008e4       0x28 CMakeFiles/pdd.dir/home/koe/pico/pico-sdk/src/common/pico_time/time.c.obj
 .text.get_entry
                0x1000090c       0x38 CMakeFiles/pdd.dir/home/koe/pico/pico-sdk/src/common/pico_time/time.c.obj
 .text.timer_pool_entry_comparator
                0x10000944       0x2e CMakeFiles/pdd.dir/home/koe/pico/pico-sdk/src/common/pico_time/time.c.obj
                0x10000944                timer_pool_entry_comparator
 *fill*         0x10000972        0x2 
 .text.update_us_since_boot
                0x10000974       0x24 CMakeFiles/pdd.dir/home/koe/pico/pico-sdk/src/common/pico_time/time.c.obj
 .text.delayed_by_us
                0x10000998       0x34 CMakeFiles/pdd.dir/home/koe/pico/pico-sdk/src/common/pico_time/time.c.obj
 .text.ph_get_node
                0x100009cc       0x30 CMakeFiles/pdd.dir/home/koe/pico/pico-sdk/src/common/pico_time/time.c.obj
 .text.ph_contains_node
                0x100009fc       0x1e CMakeFiles/pdd.dir/home/koe/pico/pico-sdk/src/common/pico_time/time.c.obj
 .text.ph_new_node
                0x10000a1a       0x28 CMakeFiles/pdd.dir/home/koe/pico/pico-sdk/src/common/pico_time/time.c.obj
 *fill*         0x10000a42        0x2 
 .text.ph_add_child_node
                0x10000a44       0x6c CMakeFiles/pdd.dir/home/koe/pico/pico-sdk/src/common/pico_time/time.c.obj
 .text.ph_merge_nodes
                0x10000ab0       0x3e CMakeFiles/pdd.dir/home/koe/pico/pico-sdk/src/common/pico_time/time.c.obj
 *fill*         0x10000aee        0x2 
 .text.ph_insert_node
                0x10000af0       0x3c CMakeFiles/pdd.dir/home/koe/pico/pico-sdk/src/common/pico_time/time.c.obj
 .text.ph_free_node
                0x10000b2c       0x5c CMakeFiles/pdd.dir/home/koe/pico/pico-sdk/src/common/pico_time/time.c.obj
 .text.get_entry_id_high
                0x10000b88       0x30 CMakeFiles/pdd.dir/home/koe/pico/pico-sdk/src/common/pico_time/time.c.obj
 .text.alarm_pool_post_alloc_init
                0x10000bb8       0x40 CMakeFiles/pdd.dir/home/koe/pico/pico-sdk/src/common/pico_time/time.c.obj
 .text.sleep_until_callback
                0x10000bf8       0x30 CMakeFiles/pdd.dir/home/koe/pico/pico-sdk/src/common/pico_time/time.c.obj
 .text.get_absolute_time
                0x10000c28       0x22 CMakeFiles/pdd.dir/home/koe/pico/pico-sdk/src/common/pico_time/time.c.obj
 .text.make_timeout_time_us
                0x10000c4a       0x24 CMakeFiles/pdd.dir/home/koe/pico/pico-sdk/src/common/pico_time/time.c.obj
 *fill*         0x10000c6e        0x2 
 .text.add_alarm_under_lock
                0x10000c70       0x94 CMakeFiles/pdd.dir/home/koe/pico/pico-sdk/src/common/pico_time/time.c.obj
 .text.alarm_pool_alarm_callback
                0x10000d04      0x210 CMakeFiles/pdd.dir/home/koe/pico/pico-sdk/src/common/pico_time/time.c.obj
 .text.alarm_pool_init_default
                0x10000f14       0x40 CMakeFiles/pdd.dir/home/koe/pico/pico-sdk/src/common/pico_time/time.c.obj
                0x10000f14                alarm_pool_init_default
 .text.alarm_pool_get_default
                0x10000f54       0x2c CMakeFiles/pdd.dir/home/koe/pico/pico-sdk/src/common/pico_time/time.c.obj
                0x10000f54                alarm_pool_get_default
 .text.alarm_pool_add_alarm_at
                0x10000f80      0x10e CMakeFiles/pdd.dir/home/koe/pico/pico-sdk/src/common/pico_time/time.c.obj
                0x10000f80                alarm_pool_add_alarm_at
 .text.add_alarm_at
                0x1000108e       0x2e CMakeFiles/pdd.dir/home/koe/pico/pico-sdk/src/common/pico_time/time.c.obj
 .text.alarm_pool_cancel_alarm
                0x100010bc       0xa8 CMakeFiles/pdd.dir/home/koe/pico/pico-sdk/src/common/pico_time/time.c.obj
                0x100010bc                alarm_pool_cancel_alarm
 .text.cancel_alarm
                0x10001164       0x10 CMakeFiles/pdd.dir/home/koe/pico/pico-sdk/src/common/pico_time/time.c.obj
 .text.sleep_until
                0x10001174       0xb0 CMakeFiles/pdd.dir/home/koe/pico/pico-sdk/src/common/pico_time/time.c.obj
                0x10001174                sleep_until
 .text.sleep_us
                0x10001224       0x1a CMakeFiles/pdd.dir/home/koe/pico/pico-sdk/src/common/pico_time/time.c.obj
                0x10001224                sleep_us
 .text.sleep_ms
                0x1000123e       0x14 CMakeFiles/pdd.dir/home/koe/pico/pico-sdk/src/common/pico_time/time.c.obj
                0x1000123e                sleep_ms
 *fill*         0x10001252        0x2 
 .text.best_effort_wfe_or_timeout
                0x10001254       0x44 CMakeFiles/pdd.dir/home/koe/pico/pico-sdk/src/common/pico_time/time.c.obj
                0x10001254                best_effort_wfe_or_timeout
 .text.hardware_alarm_irq_handler
                0x10001298       0x8c CMakeFiles/pdd.dir/home/koe/pico/pico-sdk/src/rp2_common/hardware_timer/timer.c.obj
 .text.hardware_alarm_claim
                0x10001324       0x18 CMakeFiles/pdd.dir/home/koe/pico/pico-sdk/src/rp2_common/hardware_timer/timer.c.obj
                0x10001324                hardware_alarm_claim
 .text.time_us_64
                0x1000133c       0x18 CMakeFiles/pdd.dir/home/koe/pico/pico-sdk/src/rp2_common/hardware_timer/timer.c.obj
                0x1000133c                time_us_64
 .text.busy_wait_until
                0x10001354       0x28 CMakeFiles/pdd.dir/home/koe/pico/pico-sdk/src/rp2_common/hardware_timer/timer.c.obj
                0x10001354                busy_wait_until
 .text.hardware_alarm_set_callback
                0x1000137c       0x90 CMakeFiles/pdd.dir/home/koe/pico/pico-sdk/src/rp2_common/hardware_timer/timer.c.obj
                0x1000137c                hardware_alarm_set_callback
 .text.hardware_alarm_set_target
                0x1000140c       0xe8 CMakeFiles/pdd.dir/home/koe/pico/pico-sdk/src/rp2_common/hardware_timer/timer.c.obj
                0x1000140c                hardware_alarm_set_target
 .text.hardware_alarm_cancel
                0x100014f4       0x40 CMakeFiles/pdd.dir/home/koe/pico/pico-sdk/src/rp2_common/hardware_timer/timer.c.obj
                0x100014f4                hardware_alarm_cancel
 .text.ph_get_node
                0x10001534       0x30 CMakeFiles/pdd.dir/home/koe/pico/pico-sdk/src/common/pico_util/pheap.c.obj
 .text.ph_add_child_node
                0x10001564       0x6c CMakeFiles/pdd.dir/home/koe/pico/pico-sdk/src/common/pico_util/pheap.c.obj
 .text.ph_merge_nodes
                0x100015d0       0x3e CMakeFiles/pdd.dir/home/koe/pico/pico-sdk/src/common/pico_util/pheap.c.obj
 .text.ph_clear
                0x1000160e       0x34 CMakeFiles/pdd.dir/home/koe/pico/pico-sdk/src/common/pico_util/pheap.c.obj
                0x1000160e                ph_clear
 .text.ph_post_alloc_init
                0x10001642        0xe CMakeFiles/pdd.dir/home/koe/pico/pico-sdk/src/common/pico_util/pheap.c.obj
                0x10001642                ph_post_alloc_init
 .text.ph_merge_two_pass
                0x10001650       0x5c CMakeFiles/pdd.dir/home/koe/pico/pico-sdk/src/common/pico_util/pheap.c.obj
                0x10001650                ph_merge_two_pass
 .text.ph_remove_any_head
                0x100016ac       0xc0 CMakeFiles/pdd.dir/home/koe/pico/pico-sdk/src/common/pico_util/pheap.c.obj
 .text.ph_remove_head
                0x1000176c       0x14 CMakeFiles/pdd.dir/home/koe/pico/pico-sdk/src/common/pico_util/pheap.c.obj
                0x1000176c                ph_remove_head
 .text.ph_remove_and_free_node
                0x10001780       0xa0 CMakeFiles/pdd.dir/home/koe/pico/pico-sdk/src/common/pico_util/pheap.c.obj
                0x10001780                ph_remove_and_free_node
 .text.clock_configure
                0x10001820      0x108 CMakeFiles/pdd.dir/home/koe/pico/pico-sdk/src/rp2_common/hardware_clocks/clocks.c.obj
                0x10001820                clock_configure
 .text.clocks_init
                0x10001928      0x100 CMakeFiles/pdd.dir/home/koe/pico/pico-sdk/src/rp2_common/hardware_clocks/clocks.c.obj
                0x10001928                clocks_init
 .text.pll_init
                0x10001a28      0x120 CMakeFiles/pdd.dir/home/koe/pico/pico-sdk/src/rp2_common/hardware_pll/pll.c.obj
                0x10001a28                pll_init
 .text.watchdog_start_tick
                0x10001b48       0x10 CMakeFiles/pdd.dir/home/koe/pico/pico-sdk/src/rp2_common/hardware_watchdog/watchdog.c.obj
                0x10001b48                watchdog_start_tick
 .text.xosc_init
                0x10001b58       0x28 CMakeFiles/pdd.dir/home/koe/pico/pico-sdk/src/rp2_common/hardware_xosc/xosc.c.obj
                0x10001b58                xosc_init
 .text._exit    0x10001b80        0x4 CMakeFiles/pdd.dir/home/koe/pico/pico-sdk/src/rp2_common/pico_runtime/runtime.c.obj
                0x10001b80                _exit
 .text.exit     0x10001b84        0x6 CMakeFiles/pdd.dir/home/koe/pico/pico-sdk/src/rp2_common/pico_runtime/runtime.c.obj
                0x10001b84                exit
 *fill*         0x10001b8a        0x2 
 .text.__assert_func
                0x10001b8c       0x38 CMakeFiles/pdd.dir/home/koe/pico/pico-sdk/src/rp2_common/pico_runtime/runtime.c.obj
                0x10001b8c                __assert_func
 .text.runtime_init
                0x10001bc4       0xf8 CMakeFiles/pdd.dir/home/koe/pico/pico-sdk/src/rp2_common/pico_runtime/runtime.c.obj
                0x10001bc4                runtime_init
 .text.panic    0x10001cbc       0x30 CMakeFiles/pdd.dir/home/koe/pico/pico-sdk/src/rp2_common/pico_runtime/runtime.c.obj
                0x10001cbc                panic
 .text._out_null
                0x10001cec        0x2 CMakeFiles/pdd.dir/home/koe/pico/pico-sdk/src/rp2_common/pico_printf/printf.c.obj
 .text._out_fct
                0x10001cee        0xe CMakeFiles/pdd.dir/home/koe/pico/pico-sdk/src/rp2_common/pico_printf/printf.c.obj
 .text._atoi    0x10001cfc       0x24 CMakeFiles/pdd.dir/home/koe/pico/pico-sdk/src/rp2_common/pico_printf/printf.c.obj
 .text._out_rev
                0x10001d20       0xae CMakeFiles/pdd.dir/home/koe/pico/pico-sdk/src/rp2_common/pico_printf/printf.c.obj
 .text._ntoa_format
                0x10001dce      0x110 CMakeFiles/pdd.dir/home/koe/pico/pico-sdk/src/rp2_common/pico_printf/printf.c.obj
 .text._ntoa_long
                0x10001ede       0xbc CMakeFiles/pdd.dir/home/koe/pico/pico-sdk/src/rp2_common/pico_printf/printf.c.obj
 .text._ntoa_long_long
                0x10001f9a      0x10e CMakeFiles/pdd.dir/home/koe/pico/pico-sdk/src/rp2_common/pico_printf/printf.c.obj
 .text._etoa    0x100020a8      0x420 CMakeFiles/pdd.dir/home/koe/pico/pico-sdk/src/rp2_common/pico_printf/printf.c.obj
 .text._ftoa    0x100024c8      0x354 CMakeFiles/pdd.dir/home/koe/pico/pico-sdk/src/rp2_common/pico_printf/printf.c.obj
 .text._vsnprintf
                0x1000281c      0x65c CMakeFiles/pdd.dir/home/koe/pico/pico-sdk/src/rp2_common/pico_printf/printf.c.obj
 .text.vfctprintf
                0x10002e78       0x20 CMakeFiles/pdd.dir/home/koe/pico/pico-sdk/src/rp2_common/pico_printf/printf.c.obj
                0x10002e78                vfctprintf
 .text          0x10002e98       0x10 CMakeFiles/pdd.dir/home/koe/pico/pico-sdk/src/rp2_common/pico_bit_ops/bit_ops_aeabi.S.obj
 .text.rom_func_lookup
                0x10002ea8       0x10 CMakeFiles/pdd.dir/home/koe/pico/pico-sdk/src/rp2_common/pico_bootrom/bootrom.c.obj
                0x10002ea8                rom_func_lookup
 .text.rom_data_lookup
                0x10002eb8       0x10 CMakeFiles/pdd.dir/home/koe/pico/pico-sdk/src/rp2_common/pico_bootrom/bootrom.c.obj
                0x10002eb8                rom_data_lookup
 .text.rom_funcs_lookup
                0x10002ec8       0x36 CMakeFiles/pdd.dir/home/koe/pico/pico-sdk/src/rp2_common/pico_bootrom/bootrom.c.obj
                0x10002ec8                rom_funcs_lookup
 *fill*         0x10002efe        0x2 
 .text.__wrap___aeabi_idiv
                0x10002f00       0x50 CMakeFiles/pdd.dir/home/koe/pico/pico-sdk/src/rp2_common/pico_divider/divider.S.obj
                0x10002f00                __wrap___aeabi_idivmod
                0x10002f00                divmod_s32s32
                0x10002f00                div_s32s32
                0x10002f00                __wrap___aeabi_idiv
                0x10002f08                divmod_s32s32_unsafe
                0x10002f34                divmod_s32s32_savestate
 .text.__wrap___aeabi_uidiv
                0x10002f50       0x4c CMakeFiles/pdd.dir/home/koe/pico/pico-sdk/src/rp2_common/pico_divider/divider.S.obj
                0x10002f50                __wrap___aeabi_uidiv
                0x10002f50                __wrap___aeabi_uidivmod
                0x10002f50                div_u32u32
                0x10002f50                divmod_u32u32
                0x10002f58                divmod_u32u32_unsafe
                0x10002f80                divmod_u32u32_savestate
 .text.__wrap___aeabi_ldiv
                0x10002f9c      0x424 CMakeFiles/pdd.dir/home/koe/pico/pico-sdk/src/rp2_common/pico_divider/divider.S.obj
                0x10002f9c                div_s64s64
                0x10002f9c                divmod_s64s64
                0x10002f9c                __wrap___aeabi_ldivmod
                0x10002fcc                div_u64u64
                0x10002fcc                divmod_u64u64
                0x10002fcc                __wrap___aeabi_uldivmod
                0x10002fdc                divmod_u64u64_savestate
                0x10002ffc                divmod_s64s64_unsafe
                0x10003084                divmod_u64u64_unsafe
 .text.__wrap___aeabi_darithmetic
                0x100033c0       0x80 CMakeFiles/pdd.dir/home/koe/pico/pico-sdk/src/rp2_common/pico_double/double_aeabi.S.obj
                0x100033c0                __wrap___aeabi_drsub
                0x100033c6                __wrap___aeabi_dsub
                0x100033d8                __wrap___aeabi_dadd
                0x100033ea                __wrap___aeabi_ddiv
                0x10003426                __wrap___aeabi_dmul
 .text.__wrap___aeabi_cdcmple
                0x10003440       0x6c CMakeFiles/pdd.dir/home/koe/pico/pico-sdk/src/rp2_common/pico_double/double_aeabi.S.obj
                0x10003440                __wrap___aeabi_cdrcmple
                0x10003450                __wrap___aeabi_cdcmple
                0x10003450                __wrap___aeabi_cdcmpeq
 .text.__wrap___aeabi_dcmplt
                0x100034ac        0xc CMakeFiles/pdd.dir/home/koe/pico/pico-sdk/src/rp2_common/pico_double/double_aeabi.S.obj
                0x100034ac                __wrap___aeabi_dcmplt
 .text.__wrap___aeabi_dcmple
                0x100034b8       0x10 CMakeFiles/pdd.dir/home/koe/pico/pico-sdk/src/rp2_common/pico_double/double_aeabi.S.obj
                0x100034b8                __wrap___aeabi_dcmple
 .text.__wrap___aeabi_dcmpge
                0x100034c8       0x10 CMakeFiles/pdd.dir/home/koe/pico/pico-sdk/src/rp2_common/pico_double/double_aeabi.S.obj
                0x100034c8                __wrap___aeabi_dcmpge
 .text.__wrap___aeabi_dcmpgt
                0x100034d8        0xa CMakeFiles/pdd.dir/home/koe/pico/pico-sdk/src/rp2_common/pico_double/double_aeabi.S.obj
                0x100034d8                __wrap___aeabi_dcmpgt
 .text.__wrap___aeabi_dcmpun
                0x100034e2       0x1c CMakeFiles/pdd.dir/home/koe/pico/pico-sdk/src/rp2_common/pico_double/double_aeabi.S.obj
                0x100034e2                __wrap___aeabi_dcmpun
 *fill*         0x100034fe        0x2 
 .text.__wrap___aeabi_i2d
                0x10003500       0x38 CMakeFiles/pdd.dir/home/koe/pico/pico-sdk/src/rp2_common/pico_double/double_aeabi.S.obj
                0x10003500                __wrap___aeabi_ui2d
                0x10003508                __wrap___aeabi_i2d
 .text.__wrap___aeabi_d2iz
                0x10003538       0x48 CMakeFiles/pdd.dir/home/koe/pico/pico-sdk/src/rp2_common/pico_double/double_aeabi.S.obj
                0x10003538                __wrap___aeabi_d2iz
                0x10003538                double2int_z
 .text.__wrap___aeabi_d2uiz
                0x10003580       0x18 CMakeFiles/pdd.dir/home/koe/pico/pico-sdk/src/rp2_common/pico_double/double_aeabi.S.obj
                0x10003580                double2uint
                0x10003580                __wrap___aeabi_d2uiz
 .text.__aeabi_double_init
                0x10003598       0xcc CMakeFiles/pdd.dir/home/koe/pico/pico-sdk/src/rp2_common/pico_double/double_init_rom.c.obj
                0x10003598                __aeabi_double_init
 .text.double_table_shim_on_use_helper
                0x10003664       0x34 CMakeFiles/pdd.dir/home/koe/pico/pico-sdk/src/rp2_common/pico_double/double_v1_rom_shim.S.obj
                0x10003664                double_table_shim_on_use_helper
 .text.__wrap___aeabi_dsub
                0x10003698       0x10 CMakeFiles/pdd.dir/home/koe/pico/pico-sdk/src/rp2_common/pico_double/double_v1_rom_shim.S.obj
                0x10003698                drsub_shim
                0x1000369e                dsub_shim
 .text.dadd_shim
                0x100036a8      0x15c CMakeFiles/pdd.dir/home/koe/pico/pico-sdk/src/rp2_common/pico_double/double_v1_rom_shim.S.obj
                0x100036a8                dadd_shim
 .text.dmul_shim
                0x10003804      0x15c CMakeFiles/pdd.dir/home/koe/pico/pico-sdk/src/rp2_common/pico_double/double_v1_rom_shim.S.obj
                0x10003804                dmul_shim
 .text.ddiv_shim
                0x10003960      0x1b0 CMakeFiles/pdd.dir/home/koe/pico/pico-sdk/src/rp2_common/pico_double/double_v1_rom_shim.S.obj
                0x10003960                ddiv_shim
 .text.double2uint_shim
                0x10003b10        0xe CMakeFiles/pdd.dir/home/koe/pico/pico-sdk/src/rp2_common/pico_double/double_v1_rom_shim.S.obj
                0x10003b10                double2uint_shim
                0x10003b12                double2ufix_shim
 *fill*         0x10003b1e        0x2 
 .text.double2uint64_shim
                0x10003b20       0x70 CMakeFiles/pdd.dir/home/koe/pico/pico-sdk/src/rp2_common/pico_double/double_v1_rom_shim.S.obj
                0x10003b20                double2uint64_shim
                0x10003b22                double2ufix64_shim
                0x10003b42                d2fix_a
 .text.dunpacks
                0x10003b90       0x3c CMakeFiles/pdd.dir/home/koe/pico/pico-sdk/src/rp2_common/pico_double/double_v1_rom_shim.S.obj
                0x10003b90                dunpacks
 .text.__aeabi_lmul
                0x10003bcc       0x32 CMakeFiles/pdd.dir/home/koe/pico/pico-sdk/src/rp2_common/pico_int64_ops/pico_int64_ops_aeabi.S.obj
                0x10003bcc                __wrap___aeabi_lmul
 *fill*         0x10003bfe        0x2 
 .text.__aeabi_float_init
                0x10003c00       0xfc CMakeFiles/pdd.dir/home/koe/pico/pico-sdk/src/rp2_common/pico_float/float_init_rom.c.obj
                0x10003c00                __aeabi_float_init
 .text.float_table_shim_on_use_helper
                0x10003cfc       0x34 CMakeFiles/pdd.dir/home/koe/pico/pico-sdk/src/rp2_common/pico_float/float_v1_rom_shim.S.obj
                0x10003cfc                float_table_shim_on_use_helper
 .text          0x10003d30       0x10 CMakeFiles/pdd.dir/home/koe/pico/pico-sdk/src/rp2_common/pico_mem_ops/mem_ops_aeabi.S.obj
                0x10003d30                __aeabi_mem_init
 .text.memcpy   0x10003d40        0xc CMakeFiles/pdd.dir/home/koe/pico/pico-sdk/src/rp2_common/pico_mem_ops/mem_ops_aeabi.S.obj
                0x10003d40                __wrap___aeabi_memcpy
                0x10003d40                __wrap_memcpy
 .text.stdio_out_chars_no_crlf
                0x10003d4c        0xe CMakeFiles/pdd.dir/home/koe/pico/pico-sdk/src/rp2_common/pico_stdio/stdio.c.obj
 *fill*         0x10003d5a        0x2 
 .text.stdio_out_chars_crlf
                0x10003d5c       0x80 CMakeFiles/pdd.dir/home/koe/pico/pico-sdk/src/rp2_common/pico_stdio/stdio.c.obj
 .text.stdio_stack_buffer_flush
                0x10003ddc       0x44 CMakeFiles/pdd.dir/home/koe/pico/pico-sdk/src/rp2_common/pico_stdio/stdio.c.obj
 .text.stdio_buffered_printer
                0x10003e20       0x20 CMakeFiles/pdd.dir/home/koe/pico/pico-sdk/src/rp2_common/pico_stdio/stdio.c.obj
 .text.update_us_since_boot
                0x10003e40       0x24 CMakeFiles/pdd.dir/home/koe/pico/pico-sdk/src/rp2_common/pico_stdio/stdio.c.obj
 .text.get_absolute_time
                0x10003e64       0x22 CMakeFiles/pdd.dir/home/koe/pico/pico-sdk/src/rp2_common/pico_stdio/stdio.c.obj
 *fill*         0x10003e86        0x2 
 .text.delayed_by_ms
                0x10003e88       0x44 CMakeFiles/pdd.dir/home/koe/pico/pico-sdk/src/rp2_common/pico_stdio/stdio.c.obj
 .text.make_timeout_time_ms
                0x10003ecc       0x20 CMakeFiles/pdd.dir/home/koe/pico/pico-sdk/src/rp2_common/pico_stdio/stdio.c.obj
 .text.stdout_serialize_begin
                0x10003eec       0x20 CMakeFiles/pdd.dir/home/koe/pico/pico-sdk/src/rp2_common/pico_stdio/stdio.c.obj
                0x10003eec                stdout_serialize_begin
 .text.stdout_serialize_end
                0x10003f0c       0x10 CMakeFiles/pdd.dir/home/koe/pico/pico-sdk/src/rp2_common/pico_stdio/stdio.c.obj
                0x10003f0c                stdout_serialize_end
 .text.stdio_put_string
                0x10003f1c       0x98 CMakeFiles/pdd.dir/home/koe/pico/pico-sdk/src/rp2_common/pico_stdio/stdio.c.obj
 .text.stdio_flush
                0x10003fb4       0x20 CMakeFiles/pdd.dir/home/koe/pico/pico-sdk/src/rp2_common/pico_stdio/stdio.c.obj
                0x10003fb4                stdio_flush
 .text.__wrap_puts
                0x10003fd4       0x1e CMakeFiles/pdd.dir/home/koe/pico/pico-sdk/src/rp2_common/pico_stdio/stdio.c.obj
                0x10003fd4                __wrap_puts
 *fill*         0x10003ff2        0x2 
 .text.__wrap_vprintf
                0x10003ff4       0x40 CMakeFiles/pdd.dir/home/koe/pico/pico-sdk/src/rp2_common/pico_stdio/stdio.c.obj
                0x10003ff4                __wrap_vprintf
 .text.__wrap_printf
                0x10004034       0x18 CMakeFiles/pdd.dir/home/koe/pico/pico-sdk/src/rp2_common/pico_stdio/stdio.c.obj
                0x10004034                __wrap_printf
 .text          0x1000404c       0x5c /usr/lib/gcc/arm-none-eabi/12.2.1/../../../arm-none-eabi/lib/thumb/v6-m/nofp/libg.a(lib_a-strlen-stub.o)
                0x1000404c                strlen
 *(.fini)
 .fini          0x100040a8        0x4 /usr/lib/gcc/arm-none-eabi/12.2.1/thumb/v6-m/nofp/crti.o
                0x100040a8                _fini
 *fill*         0x100040ac        0x4 
 .fini.__stub   0x100040b0       0x40 linker stubs
 *crtbegin.o(.ctors)
 *crtbegin?.o(.ctors)
 *(EXCLUDE_FILE(*crtend.o *crtend?.o) .ctors)
 *(SORT_BY_NAME(.ctors.*))
 *(.ctors)
 *crtbegin.o(.dtors)
 *crtbegin?.o(.dtors)
 *(EXCLUDE_FILE(*crtend.o *crtend?.o) .dtors)
 *(SORT_BY_NAME(.dtors.*))
 *(.dtors)
 *(.eh_frame*)
 .eh_frame      0x100040f0        0x0 /usr/lib/gcc/arm-none-eabi/12.2.1/thumb/v6-m/nofp/crtbegin.o
                0x100040f0                        . = ALIGN (0x4)

.glue_7         0x100040f0        0x0
 .glue_7        0x100040f0        0x0 linker stubs

.glue_7t        0x100040f0        0x0
 .glue_7t       0x100040f0        0x0 linker stubs

.vfp11_veneer   0x100040f0        0x0
 .vfp11_veneer  0x100040f0        0x0 linker stubs

.v4_bx          0x100040f0        0x0
 .v4_bx         0x100040f0        0x0 linker stubs

.iplt           0x100040f0        0x0
 .iplt          0x100040f0        0x0 /usr/lib/gcc/arm-none-eabi/12.2.1/thumb/v6-m/nofp/crtbegin.o

.rodata         0x100040f0      0xdb4
 *(EXCLUDE_FILE(*libm.a: *libc.a:*lib_a-mem*.o *libgcc.a:) .rodata*)
 .rodata.resolve_branch.str1.4
                0x100040f0       0x52 CMakeFiles/pdd.dir/home/koe/pico/pico-sdk/src/rp2_common/hardware_irq/irq.c.obj
 *fill*         0x10004142        0x2 
 .rodata.make_branch.str1.4
                0x10004144       0x30 CMakeFiles/pdd.dir/home/koe/pico/pico-sdk/src/rp2_common/hardware_irq/irq.c.obj
 .rodata.insert_branch_and_link.str1.4
                0x10004174       0x10 CMakeFiles/pdd.dir/home/koe/pico/pico-sdk/src/rp2_common/hardware_irq/irq.c.obj
 .rodata.irq_set_exclusive_handler.str1.4
                0x10004184       0x36 CMakeFiles/pdd.dir/home/koe/pico/pico-sdk/src/rp2_common/hardware_irq/irq.c.obj
 *fill*         0x100041ba        0x2 
 .rodata.irq_remove_handler.str1.4
                0x100041bc       0x3a CMakeFiles/pdd.dir/home/koe/pico/pico-sdk/src/rp2_common/hardware_irq/irq.c.obj
 *fill*         0x100041f6        0x2 
 .rodata.irq_add_tail_to_free_list.str1.4
                0x100041f8       0x3a CMakeFiles/pdd.dir/home/koe/pico/pico-sdk/src/rp2_common/hardware_irq/irq.c.obj
 *fill*         0x10004232        0x2 
 .rodata.__func__.0
                0x10004234       0x1a CMakeFiles/pdd.dir/home/koe/pico/pico-sdk/src/rp2_common/hardware_irq/irq.c.obj
 *fill*         0x1000424e        0x2 
 .rodata.__func__.1
                0x10004250       0x17 CMakeFiles/pdd.dir/home/koe/pico/pico-sdk/src/rp2_common/hardware_irq/irq.c.obj
 *fill*         0x10004267        0x1 
 .rodata.__func__.2
                0x10004268       0x13 CMakeFiles/pdd.dir/home/koe/pico/pico-sdk/src/rp2_common/hardware_irq/irq.c.obj
 *fill*         0x1000427b        0x1 
 .rodata.__func__.3
                0x1000427c        0xc CMakeFiles/pdd.dir/home/koe/pico/pico-sdk/src/rp2_common/hardware_irq/irq.c.obj
 .rodata.__func__.4
                0x10004288        0xf CMakeFiles/pdd.dir/home/koe/pico/pico-sdk/src/rp2_common/hardware_irq/irq.c.obj
 *fill*         0x10004297        0x1 
 .rodata.__func__.6
                0x10004298       0x1a CMakeFiles/pdd.dir/home/koe/pico/pico-sdk/src/rp2_common/hardware_irq/irq.c.obj
 *fill*         0x100042b2        0x2 
 .rodata.str1.4
                0x100042b4       0x89 CMakeFiles/pdd.dir/home/koe/pico/pico-sdk/src/common/pico_sync/mutex.c.obj
 *fill*         0x1000433d        0x3 
 .rodata.__func__.1
                0x10004340        0xb CMakeFiles/pdd.dir/home/koe/pico/pico-sdk/src/common/pico_sync/mutex.c.obj
 *fill*         0x1000434b        0x1 
 .rodata.__func__.3
                0x1000434c       0x18 CMakeFiles/pdd.dir/home/koe/pico/pico-sdk/src/common/pico_sync/mutex.c.obj
 .rodata.get_entry.str1.4
                0x10004364       0x58 CMakeFiles/pdd.dir/home/koe/pico/pico-sdk/src/common/pico_time/time.c.obj
 .rodata.update_us_since_boot.str1.4
                0x100043bc       0x5e CMakeFiles/pdd.dir/home/koe/pico/pico-sdk/src/common/pico_time/time.c.obj
 *fill*         0x1000441a        0x2 
 .rodata.ph_get_node.str1.4
                0x1000441c       0x63 CMakeFiles/pdd.dir/home/koe/pico/pico-sdk/src/common/pico_time/time.c.obj
 *fill*         0x1000447f        0x1 
 .rodata.ph_add_child_node.str1.4
                0x10004480       0x2e CMakeFiles/pdd.dir/home/koe/pico/pico-sdk/src/common/pico_time/time.c.obj
 *fill*         0x100044ae        0x2 
 .rodata.ph_insert_node.str1.4
                0x100044b0        0x3 CMakeFiles/pdd.dir/home/koe/pico/pico-sdk/src/common/pico_time/time.c.obj
 *fill*         0x100044b3        0x1 
 .rodata.ph_free_node.str1.4
                0x100044b4       0x38 CMakeFiles/pdd.dir/home/koe/pico/pico-sdk/src/common/pico_time/time.c.obj
 .rodata.add_alarm_under_lock.str1.4
                0x100044ec       0x28 CMakeFiles/pdd.dir/home/koe/pico/pico-sdk/src/common/pico_time/time.c.obj
 .rodata.alarm_pool_alarm_callback.str1.4
                0x10004514       0x60 CMakeFiles/pdd.dir/home/koe/pico/pico-sdk/src/common/pico_time/time.c.obj
 .rodata.alarm_pool_get_default.str1.4
                0x10004574       0x21 CMakeFiles/pdd.dir/home/koe/pico/pico-sdk/src/common/pico_time/time.c.obj
 *fill*         0x10004595        0x3 
 .rodata.alarm_pool_cancel_alarm.str1.4
                0x10004598       0x27 CMakeFiles/pdd.dir/home/koe/pico/pico-sdk/src/common/pico_time/time.c.obj
 *fill*         0x100045bf        0x1 
 .rodata.sleep_until.str1.4
                0x100045c0       0x4d CMakeFiles/pdd.dir/home/koe/pico/pico-sdk/src/common/pico_time/time.c.obj
 *fill*         0x1000460d        0x3 
 .rodata.__func__.1
                0x10004610       0x18 CMakeFiles/pdd.dir/home/koe/pico/pico-sdk/src/common/pico_time/time.c.obj
 .rodata.__func__.3
                0x10004628       0x17 CMakeFiles/pdd.dir/home/koe/pico/pico-sdk/src/common/pico_time/time.c.obj
 *fill*         0x1000463f        0x1 
 .rodata.__func__.4
                0x10004640       0x12 CMakeFiles/pdd.dir/home/koe/pico/pico-sdk/src/common/pico_time/time.c.obj
 *fill*         0x10004652        0x2 
 .rodata.__func__.5
                0x10004654        0xd CMakeFiles/pdd.dir/home/koe/pico/pico-sdk/src/common/pico_time/time.c.obj
 *fill*         0x10004661        0x3 
 .rodata.__func__.6
                0x10004664       0x12 CMakeFiles/pdd.dir/home/koe/pico/pico-sdk/src/common/pico_time/time.c.obj
 *fill*         0x10004676        0x2 
 .rodata.__func__.7
                0x10004678        0xf CMakeFiles/pdd.dir/home/koe/pico/pico-sdk/src/common/pico_time/time.c.obj
 *fill*         0x10004687        0x1 
 .rodata.__func__.8
                0x10004688        0xc CMakeFiles/pdd.dir/home/koe/pico/pico-sdk/src/common/pico_time/time.c.obj
 .rodata.__func__.9
                0x10004694       0x15 CMakeFiles/pdd.dir/home/koe/pico/pico-sdk/src/common/pico_time/time.c.obj
 *fill*         0x100046a9        0x3 
 .rodata.__func__.10
                0x100046ac       0x15 CMakeFiles/pdd.dir/home/koe/pico/pico-sdk/src/common/pico_time/time.c.obj
 *fill*         0x100046c1        0x3 
 .rodata.__func__.11
                0x100046c4       0x1a CMakeFiles/pdd.dir/home/koe/pico/pico-sdk/src/common/pico_time/time.c.obj
 *fill*         0x100046de        0x2 
 .rodata.__func__.12
                0x100046e0        0xa CMakeFiles/pdd.dir/home/koe/pico/pico-sdk/src/common/pico_time/time.c.obj
 *fill*         0x100046ea        0x2 
 .rodata.hardware_alarm_claim.str1.4
                0x100046ec       0x22 CMakeFiles/pdd.dir/home/koe/pico/pico-sdk/src/rp2_common/hardware_timer/timer.c.obj
 *fill*         0x1000470e        0x2 
 .rodata.hardware_alarm_set_target.str1.4
                0x10004710       0x62 CMakeFiles/pdd.dir/home/koe/pico/pico-sdk/src/rp2_common/hardware_timer/timer.c.obj
 *fill*         0x10004772        0x2 
 .rodata.__func__.0
                0x10004774       0x1a CMakeFiles/pdd.dir/home/koe/pico/pico-sdk/src/rp2_common/hardware_timer/timer.c.obj
 .rodata.ph_get_node.str1.4
                0x1000478e       0x63 CMakeFiles/pdd.dir/home/koe/pico/pico-sdk/src/common/pico_util/pheap.c.obj
 .rodata.ph_add_child_node.str1.4
                0x1000478e       0x2e CMakeFiles/pdd.dir/home/koe/pico/pico-sdk/src/common/pico_util/pheap.c.obj
 *fill*         0x1000478e        0x2 
 .rodata.ph_remove_any_head.str1.4
                0x10004790       0x8c CMakeFiles/pdd.dir/home/koe/pico/pico-sdk/src/common/pico_util/pheap.c.obj
                                 0xa0 (size before relaxing)
 .rodata.ph_remove_and_free_node.str1.4
                0x1000481c       0x1e CMakeFiles/pdd.dir/home/koe/pico/pico-sdk/src/common/pico_util/pheap.c.obj
                                 0x26 (size before relaxing)
 *fill*         0x1000483a        0x2 
 .rodata.__func__.0
                0x1000483c       0x18 CMakeFiles/pdd.dir/home/koe/pico/pico-sdk/src/common/pico_util/pheap.c.obj
 .rodata.__func__.1
                0x10004854       0x13 CMakeFiles/pdd.dir/home/koe/pico/pico-sdk/src/common/pico_util/pheap.c.obj
 *fill*         0x10004867        0x1 
 .rodata.__func__.2
                0x10004868       0x12 CMakeFiles/pdd.dir/home/koe/pico/pico-sdk/src/common/pico_util/pheap.c.obj
 *fill*         0x1000487a        0x2 
 .rodata.__func__.3
                0x1000487c        0xc CMakeFiles/pdd.dir/home/koe/pico/pico-sdk/src/common/pico_util/pheap.c.obj
 .rodata.clock_configure.str1.4
                0x10004888       0x54 CMakeFiles/pdd.dir/home/koe/pico/pico-sdk/src/rp2_common/hardware_clocks/clocks.c.obj
 .rodata.__func__.1
                0x100048dc       0x10 CMakeFiles/pdd.dir/home/koe/pico/pico-sdk/src/rp2_common/hardware_clocks/clocks.c.obj
 .rodata.pll_init.str1.4
                0x100048ec      0x120 CMakeFiles/pdd.dir/home/koe/pico/pico-sdk/src/rp2_common/hardware_pll/pll.c.obj
 .rodata.__func__.0
                0x10004a0c        0x9 CMakeFiles/pdd.dir/home/koe/pico/pico-sdk/src/rp2_common/hardware_pll/pll.c.obj
 *fill*         0x10004a15        0x3 
 .rodata.__assert_func.str1.4
                0x10004a18       0x3f CMakeFiles/pdd.dir/home/koe/pico/pico-sdk/src/rp2_common/pico_runtime/runtime.c.obj
                                 0x43 (size before relaxing)
 *fill*         0x10004a57        0x1 
 .rodata.runtime_init.str1.4
                0x10004a58       0x5e CMakeFiles/pdd.dir/home/koe/pico/pico-sdk/src/rp2_common/pico_runtime/runtime.c.obj
 *fill*         0x10004ab6        0x2 
 .rodata.panic.str1.4
                0x10004ab8       0x12 CMakeFiles/pdd.dir/home/koe/pico/pico-sdk/src/rp2_common/pico_runtime/runtime.c.obj
 *fill*         0x10004aca        0x2 
 .rodata.__func__.2
                0x10004acc        0xd CMakeFiles/pdd.dir/home/koe/pico/pico-sdk/src/rp2_common/pico_runtime/runtime.c.obj
 *fill*         0x10004ad9        0x3 
 .rodata._ftoa.str1.4
                0x10004adc       0x15 CMakeFiles/pdd.dir/home/koe/pico/pico-sdk/src/rp2_common/pico_printf/printf.c.obj
 *fill*         0x10004af1        0x3 
 .rodata._vsnprintf
                0x10004af4      0x19c CMakeFiles/pdd.dir/home/koe/pico/pico-sdk/src/rp2_common/pico_printf/printf.c.obj
 .rodata.pow10.0
                0x10004c90       0x50 CMakeFiles/pdd.dir/home/koe/pico/pico-sdk/src/rp2_common/pico_printf/printf.c.obj
 .rodata.__aeabi_double_init.str1.4
                0x10004ce0       0x99 CMakeFiles/pdd.dir/home/koe/pico/pico-sdk/src/rp2_common/pico_double/double_init_rom.c.obj
 *fill*         0x10004d79        0x3 
 .rodata.__func__.0
                0x10004d7c       0x14 CMakeFiles/pdd.dir/home/koe/pico/pico-sdk/src/rp2_common/pico_double/double_init_rom.c.obj
 .rodata.__aeabi_float_init.str1.4
                0x10004d90       0x77 CMakeFiles/pdd.dir/home/koe/pico/pico-sdk/src/rp2_common/pico_float/float_init_rom.c.obj
                                 0x7b (size before relaxing)
 *fill*         0x10004e07        0x1 
 .rodata.__func__.0
                0x10004e08       0x13 CMakeFiles/pdd.dir/home/koe/pico/pico-sdk/src/rp2_common/pico_float/float_init_rom.c.obj
 *fill*         0x10004e1b        0x1 
 .rodata.str1.4
                0x10004e1c       0x3c CMakeFiles/pdd.dir/home/koe/pico/pico-sdk/src/rp2_common/pico_standard_link/binary_info.c.obj
 .rodata.__bi_81
                0x10004e58        0xc CMakeFiles/pdd.dir/home/koe/pico/pico-sdk/src/rp2_common/pico_standard_link/binary_info.c.obj
 .rodata.__bi_75
                0x10004e64        0xc CMakeFiles/pdd.dir/home/koe/pico/pico-sdk/src/rp2_common/pico_standard_link/binary_info.c.obj
 .rodata.__bi_56
                0x10004e70        0xc CMakeFiles/pdd.dir/home/koe/pico/pico-sdk/src/rp2_common/pico_standard_link/binary_info.c.obj
 .rodata.__bi_44
                0x10004e7c        0xc CMakeFiles/pdd.dir/home/koe/pico/pico-sdk/src/rp2_common/pico_standard_link/binary_info.c.obj
 .rodata.update_us_since_boot.str1.4
                0x10004e88       0x5e CMakeFiles/pdd.dir/home/koe/pico/pico-sdk/src/rp2_common/pico_stdio/stdio.c.obj
 .rodata.crlf_str.2
                0x10004e88        0x2 CMakeFiles/pdd.dir/home/koe/pico/pico-sdk/src/rp2_common/pico_stdio/stdio.c.obj
 *fill*         0x10004e8a        0x2 
 .rodata.__func__.3
                0x10004e8c       0x15 CMakeFiles/pdd.dir/home/koe/pico/pico-sdk/src/rp2_common/pico_stdio/stdio.c.obj
                0x10004ea4                        . = ALIGN (0x4)
 *fill*         0x10004ea1        0x3 
 *(SORT_BY_ALIGNMENT(SORT_BY_NAME(.flashdata*)))
                0x10004ea4                        . = ALIGN (0x4)

.ARM.extab
 *(.ARM.extab* .gnu.linkonce.armextab.*)
                0x10004ea4                        __exidx_start = .

.ARM.exidx
 *(.ARM.exidx* .gnu.linkonce.armexidx.*)
                0x10004ea4                        __exidx_end = .
                0x10004ea4                        . = ALIGN (0x4)
                0x10004ea4                        __binary_info_start = .

.binary_info    0x10004ea4       0x20
 *(.binary_info.keep.*)
 .binary_info.keep.__bi_ptr81
                0x10004ea4        0x4 CMakeFiles/pdd.dir/home/koe/pico/pico-sdk/src/rp2_common/pico_standard_link/binary_info.c.obj
 .binary_info.keep.__bi_ptr75
                0x10004ea8        0x4 CMakeFiles/pdd.dir/home/koe/pico/pico-sdk/src/rp2_common/pico_standard_link/binary_info.c.obj
 .binary_info.keep.__bi_ptr56
                0x10004eac        0x4 CMakeFiles/pdd.dir/home/koe/pico/pico-sdk/src/rp2_common/pico_standard_link/binary_info.c.obj
 .binary_info.keep.__bi_ptr50
                0x10004eb0        0x4 CMakeFiles/pdd.dir/home/koe/pico/pico-sdk/src/rp2_common/pico_standard_link/binary_info.c.obj
 .binary_info.keep.__bi_ptr44
                0x10004eb4        0x4 CMakeFiles/pdd.dir/home/koe/pico/pico-sdk/src/rp2_common/pico_standard_link/binary_info.c.obj
 .binary_info.keep.__bi_ptr38
                0x10004eb8        0x4 CMakeFiles/pdd.dir/home/koe/pico/pico-sdk/src/rp2_common/pico_standard_link/binary_info.c.obj
 .binary_info.keep.__bi_ptr30
                0x10004ebc        0x4 CMakeFiles/pdd.dir/home/koe/pico/pico-sdk/src/rp2_common/pico_standard_link/binary_info.c.obj
 .binary_info.keep.__bi_ptr22
                0x10004ec0        0x4 CMakeFiles/pdd.dir/home/koe/pico/pico-sdk/src/rp2_common/pico_standard_link/binary_info.c.obj
 *(.binary_info.*)
                0x10004ec4                        __binary_info_end = .

.rel.dyn        0x10004ec4        0x0
 .rel.iplt      0x10004ec4        0x0 /usr/lib/gcc/arm-none-eabi/12.2.1/thumb/v6-m/nofp/crtbegin.o
                0x10004ec4                        . = ALIGN (0x4)

.ram_vector_table
                0x20000000       0xc0
 *(.ram_vector_table)
 .ram_vector_table
                0x20000000       0xc0 CMakeFiles/pdd.dir/home/koe/pico/pico-sdk/src/rp2_common/pico_runtime/runtime.c.obj
                0x20000000                ram_vector_table

.data           0x200000c0      0x22c load address 0x10004ec4
                0x200000c0                        __data_start__ = .
 *(vtable)
 *(.time_critical*)
 .time_critical.mutex_try_enter
                0x200000c0       0x46 CMakeFiles/pdd.dir/home/koe/pico/pico-sdk/src/common/pico_sync/mutex.c.obj
                0x200000c0                mutex_try_enter
 *fill*         0x20000106        0x2 
 .time_critical.mutex_enter_block_until
                0x20000108       0x8c CMakeFiles/pdd.dir/home/koe/pico/pico-sdk/src/common/pico_sync/mutex.c.obj
                0x20000108                mutex_enter_block_until
 .time_critical.mutex_try_enter_block_until
                0x20000194       0x34 CMakeFiles/pdd.dir/home/koe/pico/pico-sdk/src/common/pico_sync/mutex.c.obj
                0x20000194                mutex_try_enter_block_until
 .time_critical.mutex_exit
                0x200001c8       0x4c CMakeFiles/pdd.dir/home/koe/pico/pico-sdk/src/common/pico_sync/mutex.c.obj
                0x200001c8                mutex_exit
 *(.text*)
 .text          0x20000214        0x4 /usr/lib/gcc/arm-none-eabi/12.2.1/thumb/v6-m/nofp/libgcc.a(_dvmd_tls.o)
                0x20000214                __aeabi_ldiv0
                0x20000214                __aeabi_idiv0
 .text.__stub   0x20000218       0x20 linker stubs
                0x20000238                        . = ALIGN (0x4)
 *(.rodata*)
                0x20000238                        . = ALIGN (0x4)
 *(.data*)
 .data.striped_spin_lock_num
                0x20000238        0x1 CMakeFiles/pdd.dir/home/koe/pico/pico-sdk/src/rp2_common/hardware_sync/sync.c.obj
 *fill*         0x20000239        0x3 
 .data          0x2000023c       0x48 CMakeFiles/pdd.dir/home/koe/pico/pico-sdk/src/rp2_common/hardware_irq/irq_handler_chain.S.obj
                0x2000023c                irq_handler_chain_slots
                0x2000026c                irq_handler_chain_first_slot
                0x20000276                irq_handler_chain_remove_tail
 .data.default_alarm_pool
                0x20000284       0x18 CMakeFiles/pdd.dir/home/koe/pico/pico-sdk/src/common/pico_time/time.c.obj
 .data.default_alarm_pool_heap
                0x2000029c       0x10 CMakeFiles/pdd.dir/home/koe/pico/pico-sdk/src/common/pico_time/time.c.obj
 *fill*         0x200002ac        0x4 
 .data.aeabi_bits_funcs
                0x200002b0       0x10 CMakeFiles/pdd.dir/home/koe/pico/pico-sdk/src/rp2_common/pico_bit_ops/bit_ops_aeabi.S.obj
                0x200002b0                aeabi_bits_funcs
                0x200002c0                aeabi_bits_funcs_end
 .data.aeabi_mem_funcs
                0x200002c0       0x10 CMakeFiles/pdd.dir/home/koe/pico/pico-sdk/src/rp2_common/pico_mem_ops/mem_ops_aeabi.S.obj
                0x200002c0                aeabi_mem_funcs
                0x200002d0                aeabi_mem_funcs_end
                0x200002d0                        . = ALIGN (0x4)
 *(.after_data.*)
                0x200002d0                        . = ALIGN (0x4)
                0x200002d0                        PROVIDE (__mutex_array_start = .)
 *(SORT_BY_NAME(.mutex_array.*))
 *(.mutex_array)
 .mutex_array   0x200002d0        0x8 CMakeFiles/pdd.dir/home/koe/pico/pico-sdk/src/rp2_common/pico_stdio/stdio.c.obj
                0x200002d8                        PROVIDE (__mutex_array_end = .)
                0x200002d8                        . = ALIGN (0x4)
                0x200002d8                        PROVIDE (__preinit_array_start = .)
 *(SORT_BY_NAME(.preinit_array.*))
 .preinit_array.00001
                0x200002d8        0x4 CMakeFiles/pdd.dir/home/koe/pico/pico-sdk/src/rp2_common/pico_mem_ops/mem_ops_aeabi.S.obj
 .preinit_array.00010
                0x200002dc        0x4 CMakeFiles/pdd.dir/home/koe/pico/pico-sdk/src/rp2_common/pico_bit_ops/bit_ops_aeabi.S.obj
 .preinit_array.00020
                0x200002e0        0x4 CMakeFiles/pdd.dir/home/koe/pico/pico-sdk/src/rp2_common/pico_double/double_aeabi.S.obj
 .preinit_array.00020
                0x200002e4        0x4 CMakeFiles/pdd.dir/home/koe/pico/pico-sdk/src/rp2_common/pico_float/float_aeabi.S.obj
 *(.preinit_array)
                0x200002e8                        PROVIDE (__preinit_array_end = .)
                0x200002e8                        . = ALIGN (0x4)
                0x200002e8                        PROVIDE (__init_array_start = .)
 *(SORT_BY_NAME(.init_array.*))
 *(.init_array)
 .init_array    0x200002e8        0x4 /usr/lib/gcc/arm-none-eabi/12.2.1/thumb/v6-m/nofp/crtbegin.o
                0x200002ec                        PROVIDE (__init_array_end = .)
                0x200002ec                        . = ALIGN (0x4)
                0x200002ec                        PROVIDE (__fini_array_start = .)
 *(SORT_BY_NAME(.fini_array.*))
 *(.fini_array)
                0x200002ec                        PROVIDE (__fini_array_end = .)
 *(.jcr)
                0x200002ec                        . = ALIGN (0x4)
                0x200002ec                        __data_end__ = .
                0x10004ec4                        __etext = LOADADDR (.data)

.tm_clone_table
                0x200002ec        0x0 load address 0x100050f0
 .tm_clone_table
                0x200002ec        0x0 /usr/lib/gcc/arm-none-eabi/12.2.1/thumb/v6-m/nofp/crtbegin.o
 .tm_clone_table
                0x200002ec        0x0 /usr/lib/gcc/arm-none-eabi/12.2.1/thumb/v6-m/nofp/crtend.o

.igot.plt       0x200002ec        0x0 load address 0x100050f0
 .igot.plt      0x200002ec        0x0 /usr/lib/gcc/arm-none-eabi/12.2.1/thumb/v6-m/nofp/crtbegin.o

.uninitialized_data
                0x200002ec        0x0 load address 0x100050f0
                0x200002ec                        . = ALIGN (0x4)
 *(.uninitialized_data*)

.scratch_x      0x20040000        0x0 load address 0x100050f0
                0x20040000                        __scratch_x_start__ = .
 *(.scratch_x.*)
                0x20040000                        . = ALIGN (0x4)
                0x20040000                        __scratch_x_end__ = .
                0x100050f0                        __scratch_x_source__ = LOADADDR (.scratch_x)

.scratch_y      0x20041000        0x0 load address 0x100050f0
                0x20041000                        __scratch_y_start__ = .
 *(.scratch_y.*)
                0x20041000                        . = ALIGN (0x4)
                0x20041000                        __scratch_y_end__ = .
                0x100050f0                        __scratch_y_source__ = LOADADDR (.scratch_y)

.bss            0x200002f0      0x3c8
                0x200002f0                        . = ALIGN (0x4)
                0x200002f0                        __bss_start__ = .
 *(SORT_BY_ALIGNMENT(SORT_BY_NAME(.bss*)))
 .bss.default_alarm_pool_entries
                0x200002f0      0x100 CMakeFiles/pdd.dir/home/koe/pico/pico-sdk/src/common/pico_time/time.c.obj
 .bss           0x200003f0       0x1c /usr/lib/gcc/arm-none-eabi/12.2.1/thumb/v6-m/nofp/crtbegin.o
 .bss.alarm_callbacks
                0x2000040c       0x10 CMakeFiles/pdd.dir/home/koe/pico/pico-sdk/src/rp2_common/hardware_timer/timer.c.obj
 .bss.configured_freq
                0x2000041c       0x28 CMakeFiles/pdd.dir/home/koe/pico/pico-sdk/src/rp2_common/hardware_clocks/clocks.c.obj
 .bss.default_alarm_pool_entry_ids_high
                0x20000444       0x10 CMakeFiles/pdd.dir/home/koe/pico/pico-sdk/src/common/pico_time/time.c.obj
 .bss.default_alarm_pool_heap_nodes
                0x20000454       0x30 CMakeFiles/pdd.dir/home/koe/pico/pico-sdk/src/common/pico_time/time.c.obj
 .bss.drivers   0x20000484        0x4 CMakeFiles/pdd.dir/home/koe/pico/pico-sdk/src/rp2_common/pico_stdio/stdio.c.obj
 .bss.filter    0x20000488        0x4 CMakeFiles/pdd.dir/home/koe/pico/pico-sdk/src/rp2_common/pico_stdio/stdio.c.obj
 .bss.pools     0x2000048c       0x10 CMakeFiles/pdd.dir/home/koe/pico/pico-sdk/src/common/pico_time/time.c.obj
 .bss.sd_table  0x2000049c      0x100 CMakeFiles/pdd.dir/home/koe/pico/pico-sdk/src/rp2_common/pico_double/double_init_rom.c.obj
                0x2000049c                sd_table
 .bss.sf_clz_func
                0x2000059c        0x4 CMakeFiles/pdd.dir/home/koe/pico/pico-sdk/src/rp2_common/pico_double/double_init_rom.c.obj
                0x2000059c                sf_clz_func
 .bss.sf_table  0x200005a0      0x100 CMakeFiles/pdd.dir/home/koe/pico/pico-sdk/src/rp2_common/pico_float/float_init_rom.c.obj
                0x200005a0                sf_table
 .bss.sleep_notifier
                0x200006a0        0x4 CMakeFiles/pdd.dir/home/koe/pico/pico-sdk/src/common/pico_time/time.c.obj
 .bss.target_hi
                0x200006a4       0x10 CMakeFiles/pdd.dir/home/koe/pico/pico-sdk/src/rp2_common/hardware_timer/timer.c.obj
 .bss.claimed   0x200006b4        0x1 CMakeFiles/pdd.dir/home/koe/pico/pico-sdk/src/rp2_common/hardware_timer/timer.c.obj
 .bss.irq_hander_chain_free_slot_head
                0x200006b5        0x1 CMakeFiles/pdd.dir/home/koe/pico/pico-sdk/src/rp2_common/hardware_irq/irq.c.obj
 .bss.timer_callbacks_pending
                0x200006b6        0x1 CMakeFiles/pdd.dir/home/koe/pico/pico-sdk/src/rp2_common/hardware_timer/timer.c.obj
 *(COMMON)
                0x200006b8                        . = ALIGN (0x4)
 *fill*         0x200006b7        0x1 
                0x200006b8                        __bss_end__ = .

.heap           0x200006b8      0x800
                0x200006b8                        __end__ = .
                0x200006b8                        end = __end__
 *(.heap*)
 .heap          0x200006b8      0x800 CMakeFiles/pdd.dir/home/koe/pico/pico-sdk/src/rp2_common/pico_standard_link/crt0.S.obj
                0x20000eb8                        __HeapLimit = .

.stack1_dummy
 *(.stack1*)

.stack_dummy    0x20041000      0x800
 *(.stack*)
 .stack         0x20041000      0x800 CMakeFiles/pdd.dir/home/koe/pico/pico-sdk/src/rp2_common/pico_standard_link/crt0.S.obj

.flash_end      0x100050f0        0x0
                0x100050f0                        PROVIDE (__flash_binary_end = .)
                0x20040000                        __StackLimit = (ORIGIN (RAM) + LENGTH (RAM))
                0x20041000                        __StackOneTop = (ORIGIN (SCRATCH_X) + LENGTH (SCRATCH_X))
                0x20042000                        __StackTop = (ORIGIN (SCRATCH_Y) + LENGTH (SCRATCH_Y))
                0x20041000                        __StackOneBottom = (__StackOneTop - SIZEOF (.stack1_dummy))
                0x20041800                        __StackBottom = (__StackTop - SIZEOF (.stack_dummy))
                0x20042000                        PROVIDE (__stack = __StackTop)
                0x00000001                        ASSERT ((__StackLimit >= __HeapLimit), region RAM overflowed)
                0x00000001                        ASSERT (((__binary_info_header_end - __logical_binary_start) <= 0x100), Binary info must be in first 256 bytes of the binary)
LOAD CMakeFiles/pdd.dir/pdd.c.obj
LOAD CMakeFiles/pdd.dir/home/koe/pico/pico-sdk/src/rp2_common/pico_stdlib/stdlib.c.obj
LOAD CMakeFiles/pdd.dir/home/koe/pico/pico-sdk/src/rp2_common/hardware_gpio/gpio.c.obj
LOAD CMakeFiles/pdd.dir/home/koe/pico/pico-sdk/src/rp2_common/pico_platform/platform.c.obj
LOAD CMakeFiles/pdd.dir/home/koe/pico/pico-sdk/src/rp2_common/hardware_claim/claim.c.obj
LOAD CMakeFiles/pdd.dir/home/koe/pico/pico-sdk/src/rp2_common/hardware_sync/sync.c.obj
LOAD CMakeFiles/pdd.dir/home/koe/pico/pico-sdk/src/rp2_common/hardware_irq/irq.c.obj
LOAD CMakeFiles/pdd.dir/home/koe/pico/pico-sdk/src/rp2_common/hardware_irq/irq_handler_chain.S.obj
LOAD CMakeFiles/pdd.dir/home/koe/pico/pico-sdk/src/common/pico_sync/sem.c.obj
LOAD CMakeFiles/pdd.dir/home/koe/pico/pico-sdk/src/common/pico_sync/lock_core.c.obj
LOAD CMakeFiles/pdd.dir/home/koe/pico/pico-sdk/src/common/pico_sync/mutex.c.obj
LOAD CMakeFiles/pdd.dir/home/koe/pico/pico-sdk/src/common/pico_sync/critical_section.c.obj
LOAD CMakeFiles/pdd.dir/home/koe/pico/pico-sdk/src/common/pico_time/time.c.obj
LOAD CMakeFiles/pdd.dir/home/koe/pico/pico-sdk/src/common/pico_time/timeout_helper.c.obj
LOAD CMakeFiles/pdd.dir/home/koe/pico/pico-sdk/src/rp2_common/hardware_timer/timer.c.obj
LOAD CMakeFiles/pdd.dir/home/koe/pico/pico-sdk/src/common/pico_util/datetime.c.obj
LOAD CMakeFiles/pdd.dir/home/koe/pico/pico-sdk/src/common/pico_util/pheap.c.obj
LOAD CMakeFiles/pdd.dir/home/koe/pico/pico-sdk/src/common/pico_util/queue.c.obj
LOAD CMakeFiles/pdd.dir/home/koe/pico/pico-sdk/src/rp2_common/hardware_uart/uart.c.obj
LOAD CMakeFiles/pdd.dir/home/koe/pico/pico-sdk/src/rp2_common/hardware_clocks/clocks.c.obj
LOAD CMakeFiles/pdd.dir/home/koe/pico/pico-sdk/src/rp2_common/hardware_pll/pll.c.obj
LOAD CMakeFiles/pdd.dir/home/koe/pico/pico-sdk/src/rp2_common/hardware_vreg/vreg.c.obj
LOAD CMakeFiles/pdd.dir/home/koe/pico/pico-sdk/src/rp2_common/hardware_watchdog/watchdog.c.obj
LOAD CMakeFiles/pdd.dir/home/koe/pico/pico-sdk/src/rp2_common/hardware_xosc/xosc.c.obj
LOAD CMakeFiles/pdd.dir/home/koe/pico/pico-sdk/src/rp2_common/hardware_divider/divider.S.obj
LOAD CMakeFiles/pdd.dir/home/koe/pico/pico-sdk/src/rp2_common/pico_runtime/runtime.c.obj
LOAD CMakeFiles/pdd.dir/home/koe/pico/pico-sdk/src/rp2_common/pico_printf/printf.c.obj
LOAD CMakeFiles/pdd.dir/home/koe/pico/pico-sdk/src/rp2_common/pico_bit_ops/bit_ops_aeabi.S.obj
LOAD CMakeFiles/pdd.dir/home/koe/pico/pico-sdk/src/rp2_common/pico_bootrom/bootrom.c.obj
LOAD CMakeFiles/pdd.dir/home/koe/pico/pico-sdk/src/rp2_common/pico_divider/divider.S.obj
LOAD CMakeFiles/pdd.dir/home/koe/pico/pico-sdk/src/rp2_common/pico_double/double_aeabi.S.obj
LOAD CMakeFiles/pdd.dir/home/koe/pico/pico-sdk/src/rp2_common/pico_double/double_init_rom.c.obj
LOAD CMakeFiles/pdd.dir/home/koe/pico/pico-sdk/src/rp2_common/pico_double/double_math.c.obj
LOAD CMakeFiles/pdd.dir/home/koe/pico/pico-sdk/src/rp2_common/pico_double/double_v1_rom_shim.S.obj
LOAD CMakeFiles/pdd.dir/home/koe/pico/pico-sdk/src/rp2_common/pico_int64_ops/pico_int64_ops_aeabi.S.obj
LOAD CMakeFiles/pdd.dir/home/koe/pico/pico-sdk/src/rp2_common/pico_float/float_aeabi.S.obj
LOAD CMakeFiles/pdd.dir/home/koe/pico/pico-sdk/src/rp2_common/pico_float/float_init_rom.c.obj
LOAD CMakeFiles/pdd.dir/home/koe/pico/pico-sdk/src/rp2_common/pico_float/float_math.c.obj
LOAD CMakeFiles/pdd.dir/home/koe/pico/pico-sdk/src/rp2_common/pico_float/float_v1_rom_shim.S.obj
LOAD CMakeFiles/pdd.dir/home/koe/pico/pico-sdk/src/rp2_common/pico_malloc/pico_malloc.c.obj
LOAD CMakeFiles/pdd.dir/home/koe/pico/pico-sdk/src/rp2_common/pico_mem_ops/mem_ops_aeabi.S.obj
LOAD CMakeFiles/pdd.dir/home/koe/pico/pico-sdk/src/rp2_common/pico_standard_link/crt0.S.obj
LOAD CMakeFiles/pdd.dir/home/koe/pico/pico-sdk/src/rp2_common/pico_standard_link/new_delete.cpp.obj
LOAD CMakeFiles/pdd.dir/home/koe/pico/pico-sdk/src/rp2_common/pico_standard_link/binary_info.c.obj
LOAD CMakeFiles/pdd.dir/home/koe/pico/pico-sdk/src/rp2_common/pico_stdio/stdio.c.obj
LOAD CMakeFiles/pdd.dir/home/koe/pico/pico-sdk/src/rp2_common/pico_stdio_uart/stdio_uart.c.obj
LOAD /tmp/ccLI0XyX.o
LOAD /usr/lib/gcc/arm-none-eabi/12.2.1/../../../arm-none-eabi/lib/thumb/v6-m/nofp/libstdc++.a
LOAD /usr/lib/gcc/arm-none-eabi/12.2.1/../../../arm-none-eabi/lib/thumb/v6-m/nofp/libm.a
START GROUP
LOAD /usr/lib/gcc/arm-none-eabi/12.2.1/thumb/v6-m/nofp/libgcc.a
LOAD /usr/lib/gcc/arm-none-eabi/12.2.1/../../../arm-none-eabi/lib/thumb/v6-m/nofp/libg.a
LOAD /usr/lib/gcc/arm-none-eabi/12.2.1/../../../arm-none-eabi/lib/thumb/v6-m/nofp/libc.a
END GROUP
START GROUP
LOAD /usr/lib/gcc/arm-none-eabi/12.2.1/thumb/v6-m/nofp/libgcc.a
LOAD /usr/lib/gcc/arm-none-eabi/12.2.1/../../../arm-none-eabi/lib/thumb/v6-m/nofp/libc.a
LOAD /usr/lib/gcc/arm-none-eabi/12.2.1/../../../arm-none-eabi/lib/thumb/v6-m/nofp/libnosys.a
END GROUP
LOAD /usr/lib/gcc/arm-none-eabi/12.2.1/thumb/v6-m/nofp/crtend.o
LOAD /usr/lib/gcc/arm-none-eabi/12.2.1/thumb/v6-m/nofp/crtn.o
OUTPUT(pdd.elf elf32-littlearm)
LOAD linker stubs

.ARM.attributes
                0x00000000       0x28
 .ARM.attributes
                0x00000000       0x1e /usr/lib/gcc/arm-none-eabi/12.2.1/thumb/v6-m/nofp/crti.o
 .ARM.attributes
                0x0000001e       0x2c /usr/lib/gcc/arm-none-eabi/12.2.1/thumb/v6-m/nofp/crtbegin.o
 .ARM.attributes
                0x0000004a       0x2c CMakeFiles/pdd.dir/pdd.c.obj
 .ARM.attributes
                0x00000076       0x2c CMakeFiles/pdd.dir/home/koe/pico/pico-sdk/src/rp2_common/hardware_gpio/gpio.c.obj
 .ARM.attributes
                0x000000a2       0x2c CMakeFiles/pdd.dir/home/koe/pico/pico-sdk/src/rp2_common/pico_platform/platform.c.obj
 .ARM.attributes
                0x000000ce       0x2c CMakeFiles/pdd.dir/home/koe/pico/pico-sdk/src/rp2_common/hardware_claim/claim.c.obj
 .ARM.attributes
                0x000000fa       0x2c CMakeFiles/pdd.dir/home/koe/pico/pico-sdk/src/rp2_common/hardware_sync/sync.c.obj
 .ARM.attributes
                0x00000126       0x2c CMakeFiles/pdd.dir/home/koe/pico/pico-sdk/src/rp2_common/hardware_irq/irq.c.obj
 .ARM.attributes
                0x00000152       0x22 CMakeFiles/pdd.dir/home/koe/pico/pico-sdk/src/rp2_common/hardware_irq/irq_handler_chain.S.obj
 .ARM.attributes
                0x00000174       0x2c CMakeFiles/pdd.dir/home/koe/pico/pico-sdk/src/common/pico_sync/lock_core.c.obj
 .ARM.attributes
                0x000001a0       0x2c CMakeFiles/pdd.dir/home/koe/pico/pico-sdk/src/common/pico_sync/mutex.c.obj
 .ARM.attributes
                0x000001cc       0x2c CMakeFiles/pdd.dir/home/koe/pico/pico-sdk/src/common/pico_time/time.c.obj
 .ARM.attributes
                0x000001f8       0x2c CMakeFiles/pdd.dir/home/koe/pico/pico-sdk/src/rp2_common/hardware_timer/timer.c.obj
 .ARM.attributes
                0x00000224       0x2c CMakeFiles/pdd.dir/home/koe/pico/pico-sdk/src/common/pico_util/pheap.c.obj
 .ARM.attributes
                0x00000250       0x2c CMakeFiles/pdd.dir/home/koe/pico/pico-sdk/src/rp2_common/hardware_clocks/clocks.c.obj
 .ARM.attributes
                0x0000027c       0x2c CMakeFiles/pdd.dir/home/koe/pico/pico-sdk/src/rp2_common/hardware_pll/pll.c.obj
 .ARM.attributes
                0x000002a8       0x2c CMakeFiles/pdd.dir/home/koe/pico/pico-sdk/src/rp2_common/hardware_watchdog/watchdog.c.obj
 .ARM.attributes
                0x000002d4       0x2c CMakeFiles/pdd.dir/home/koe/pico/pico-sdk/src/rp2_common/hardware_xosc/xosc.c.obj
 .ARM.attributes
                0x00000300       0x2c CMakeFiles/pdd.dir/home/koe/pico/pico-sdk/src/rp2_common/pico_runtime/runtime.c.obj
 .ARM.attributes
                0x0000032c       0x2c CMakeFiles/pdd.dir/home/koe/pico/pico-sdk/src/rp2_common/pico_printf/printf.c.obj
 .ARM.attributes
                0x00000358       0x22 CMakeFiles/pdd.dir/home/koe/pico/pico-sdk/src/rp2_common/pico_bit_ops/bit_ops_aeabi.S.obj
 .ARM.attributes
                0x0000037a       0x2c CMakeFiles/pdd.dir/home/koe/pico/pico-sdk/src/rp2_common/pico_bootrom/bootrom.c.obj
 .ARM.attributes
                0x000003a6       0x22 CMakeFiles/pdd.dir/home/koe/pico/pico-sdk/src/rp2_common/pico_divider/divider.S.obj
 .ARM.attributes
                0x000003c8       0x22 CMakeFiles/pdd.dir/home/koe/pico/pico-sdk/src/rp2_common/pico_double/double_aeabi.S.obj
 .ARM.attributes
                0x000003ea       0x2c CMakeFiles/pdd.dir/home/koe/pico/pico-sdk/src/rp2_common/pico_double/double_init_rom.c.obj
 .ARM.attributes
                0x00000416       0x22 CMakeFiles/pdd.dir/home/koe/pico/pico-sdk/src/rp2_common/pico_double/double_v1_rom_shim.S.obj
 .ARM.attributes
                0x00000438       0x22 CMakeFiles/pdd.dir/home/koe/pico/pico-sdk/src/rp2_common/pico_int64_ops/pico_int64_ops_aeabi.S.obj
 .ARM.attributes
                0x0000045a       0x22 CMakeFiles/pdd.dir/home/koe/pico/pico-sdk/src/rp2_common/pico_float/float_aeabi.S.obj
 .ARM.attributes
                0x0000047c       0x2c CMakeFiles/pdd.dir/home/koe/pico/pico-sdk/src/rp2_common/pico_float/float_init_rom.c.obj
 .ARM.attributes
                0x000004a8       0x22 CMakeFiles/pdd.dir/home/koe/pico/pico-sdk/src/rp2_common/pico_float/float_v1_rom_shim.S.obj
 .ARM.attributes
                0x000004ca       0x22 CMakeFiles/pdd.dir/home/koe/pico/pico-sdk/src/rp2_common/pico_mem_ops/mem_ops_aeabi.S.obj
 .ARM.attributes
                0x000004ec       0x22 CMakeFiles/pdd.dir/home/koe/pico/pico-sdk/src/rp2_common/pico_standard_link/crt0.S.obj
 .ARM.attributes
                0x0000050e       0x2c CMakeFiles/pdd.dir/home/koe/pico/pico-sdk/src/rp2_common/pico_standard_link/binary_info.c.obj
 .ARM.attributes
                0x0000053a       0x2c CMakeFiles/pdd.dir/home/koe/pico/pico-sdk/src/rp2_common/pico_stdio/stdio.c.obj
 .ARM.attributes
                0x00000566       0x22 /tmp/ccLI0XyX.o
 .ARM.attributes
                0x00000588       0x1e /usr/lib/gcc/arm-none-eabi/12.2.1/thumb/v6-m/nofp/libgcc.a(_dvmd_tls.o)
 .ARM.attributes
                0x000005a6       0x2c /usr/lib/gcc/arm-none-eabi/12.2.1/../../../arm-none-eabi/lib/thumb/v6-m/nofp/libg.a(lib_a-strlen-stub.o)
 .ARM.attributes
                0x000005d2       0x2c /usr/lib/gcc/arm-none-eabi/12.2.1/thumb/v6-m/nofp/crtend.o

.comment        0x00000000       0x59
 .comment       0x00000000       0x26 /usr/lib/gcc/arm-none-eabi/12.2.1/thumb/v6-m/nofp/crtbegin.o
                                 0x27 (size before relaxing)
 .comment       0x00000026       0x27 CMakeFiles/pdd.dir/pdd.c.obj
 .comment       0x00000026       0x27 CMakeFiles/pdd.dir/home/koe/pico/pico-sdk/src/rp2_common/hardware_gpio/gpio.c.obj
 .comment       0x00000026       0x27 CMakeFiles/pdd.dir/home/koe/pico/pico-sdk/src/rp2_common/pico_platform/platform.c.obj
 .comment       0x00000026       0x27 CMakeFiles/pdd.dir/home/koe/pico/pico-sdk/src/rp2_common/hardware_claim/claim.c.obj
 .comment       0x00000026       0x27 CMakeFiles/pdd.dir/home/koe/pico/pico-sdk/src/rp2_common/hardware_sync/sync.c.obj
 .comment       0x00000026       0x27 CMakeFiles/pdd.dir/home/koe/pico/pico-sdk/src/rp2_common/hardware_irq/irq.c.obj
 .comment       0x00000026       0x27 CMakeFiles/pdd.dir/home/koe/pico/pico-sdk/src/common/pico_sync/lock_core.c.obj
 .comment       0x00000026       0x27 CMakeFiles/pdd.dir/home/koe/pico/pico-sdk/src/common/pico_sync/mutex.c.obj
 .comment       0x00000026       0x27 CMakeFiles/pdd.dir/home/koe/pico/pico-sdk/src/common/pico_time/time.c.obj
 .comment       0x00000026       0x27 CMakeFiles/pdd.dir/home/koe/pico/pico-sdk/src/rp2_common/hardware_timer/timer.c.obj
 .comment       0x00000026       0x27 CMakeFiles/pdd.dir/home/koe/pico/pico-sdk/src/common/pico_util/pheap.c.obj
 .comment       0x00000026       0x27 CMakeFiles/pdd.dir/home/koe/pico/pico-sdk/src/rp2_common/hardware_clocks/clocks.c.obj
 .comment       0x00000026       0x27 CMakeFiles/pdd.dir/home/koe/pico/pico-sdk/src/rp2_common/hardware_pll/pll.c.obj
 .comment       0x00000026       0x27 CMakeFiles/pdd.dir/home/koe/pico/pico-sdk/src/rp2_common/hardware_watchdog/watchdog.c.obj
 .comment       0x00000026       0x27 CMakeFiles/pdd.dir/home/koe/pico/pico-sdk/src/rp2_common/hardware_xosc/xosc.c.obj
 .comment       0x00000026       0x27 CMakeFiles/pdd.dir/home/koe/pico/pico-sdk/src/rp2_common/pico_runtime/runtime.c.obj
 .comment       0x00000026       0x27 CMakeFiles/pdd.dir/home/koe/pico/pico-sdk/src/rp2_common/pico_printf/printf.c.obj
 .comment       0x00000026       0x27 CMakeFiles/pdd.dir/home/koe/pico/pico-sdk/src/rp2_common/pico_bootrom/bootrom.c.obj
 .comment       0x00000026       0x27 CMakeFiles/pdd.dir/home/koe/pico/pico-sdk/src/rp2_common/pico_double/double_init_rom.c.obj
 .comment       0x00000026       0x27 CMakeFiles/pdd.dir/home/koe/pico/pico-sdk/src/rp2_common/pico_float/float_init_rom.c.obj
 .comment       0x00000026       0x27 CMakeFiles/pdd.dir/home/koe/pico/pico-sdk/src/rp2_common/pico_standard_link/binary_info.c.obj
 .comment       0x00000026       0x27 CMakeFiles/pdd.dir/home/koe/pico/pico-sdk/src/rp2_common/pico_stdio/stdio.c.obj
 .comment       0x00000026       0x33 /usr/lib/gcc/arm-none-eabi/12.2.1/../../../arm-none-eabi/lib/thumb/v6-m/nofp/libg.a(lib_a-strlen-stub.o)
                                 0x34 (size before relaxing)
 .comment       0x00000059       0x27 /usr/lib/gcc/arm-none-eabi/12.2.1/thumb/v6-m/nofp/crtend.o

.debug_info     0x00000000    0x12527
 .debug_info    0x00000000      0x5cf CMakeFiles/pdd.dir/pdd.c.obj
 .debug_info    0x000005cf     0x17d1 CMakeFiles/pdd.dir/home/koe/pico/pico-sdk/src/rp2_common/hardware_gpio/gpio.c.obj
 .debug_info    0x00001da0      0x1e3 CMakeFiles/pdd.dir/home/koe/pico/pico-sdk/src/rp2_common/pico_platform/platform.c.obj
 .debug_info    0x00001f83      0x682 CMakeFiles/pdd.dir/home/koe/pico/pico-sdk/src/rp2_common/hardware_claim/claim.c.obj
 .debug_info    0x00002605      0x5c3 CMakeFiles/pdd.dir/home/koe/pico/pico-sdk/src/rp2_common/hardware_sync/sync.c.obj
 .debug_info    0x00002bc8     0x1bc3 CMakeFiles/pdd.dir/home/koe/pico/pico-sdk/src/rp2_common/hardware_irq/irq.c.obj
 .debug_info    0x0000478b      0x197 CMakeFiles/pdd.dir/home/koe/pico/pico-sdk/src/common/pico_sync/lock_core.c.obj
 .debug_info    0x00004922     0x1ce9 CMakeFiles/pdd.dir/home/koe/pico/pico-sdk/src/common/pico_sync/mutex.c.obj
 .debug_info    0x0000660b     0x33ad CMakeFiles/pdd.dir/home/koe/pico/pico-sdk/src/common/pico_time/time.c.obj
 .debug_info    0x000099b8     0x13ee CMakeFiles/pdd.dir/home/koe/pico/pico-sdk/src/rp2_common/hardware_timer/timer.c.obj
 .debug_info    0x0000ada6      0xe63 CMakeFiles/pdd.dir/home/koe/pico/pico-sdk/src/common/pico_util/pheap.c.obj
 .debug_info    0x0000bc09      0xfb7 CMakeFiles/pdd.dir/home/koe/pico/pico-sdk/src/rp2_common/hardware_clocks/clocks.c.obj
 .debug_info    0x0000cbc0      0x4ed CMakeFiles/pdd.dir/home/koe/pico/pico-sdk/src/rp2_common/hardware_pll/pll.c.obj
 .debug_info    0x0000d0ad      0x4c5 CMakeFiles/pdd.dir/home/koe/pico/pico-sdk/src/rp2_common/hardware_watchdog/watchdog.c.obj
 .debug_info    0x0000d572      0x1af CMakeFiles/pdd.dir/home/koe/pico/pico-sdk/src/rp2_common/hardware_xosc/xosc.c.obj
 .debug_info    0x0000d721      0xf17 CMakeFiles/pdd.dir/home/koe/pico/pico-sdk/src/rp2_common/pico_runtime/runtime.c.obj
 .debug_info    0x0000e638     0x198a CMakeFiles/pdd.dir/home/koe/pico/pico-sdk/src/rp2_common/pico_printf/printf.c.obj
 .debug_info    0x0000ffc2       0x23 CMakeFiles/pdd.dir/home/koe/pico/pico-sdk/src/rp2_common/pico_bit_ops/bit_ops_aeabi.S.obj
 .debug_info    0x0000ffe5      0x301 CMakeFiles/pdd.dir/home/koe/pico/pico-sdk/src/rp2_common/pico_bootrom/bootrom.c.obj
 .debug_info    0x000102e6       0x23 CMakeFiles/pdd.dir/home/koe/pico/pico-sdk/src/rp2_common/pico_divider/divider.S.obj
 .debug_info    0x00010309       0x23 CMakeFiles/pdd.dir/home/koe/pico/pico-sdk/src/rp2_common/pico_double/double_aeabi.S.obj
 .debug_info    0x0001032c      0x30b CMakeFiles/pdd.dir/home/koe/pico/pico-sdk/src/rp2_common/pico_double/double_init_rom.c.obj
 .debug_info    0x00010637       0x23 CMakeFiles/pdd.dir/home/koe/pico/pico-sdk/src/rp2_common/pico_double/double_v1_rom_shim.S.obj
 .debug_info    0x0001065a       0x24 CMakeFiles/pdd.dir/home/koe/pico/pico-sdk/src/rp2_common/pico_int64_ops/pico_int64_ops_aeabi.S.obj
 .debug_info    0x0001067e       0x23 CMakeFiles/pdd.dir/home/koe/pico/pico-sdk/src/rp2_common/pico_float/float_aeabi.S.obj
 .debug_info    0x000106a1      0x31f CMakeFiles/pdd.dir/home/koe/pico/pico-sdk/src/rp2_common/pico_float/float_init_rom.c.obj
 .debug_info    0x000109c0       0x23 CMakeFiles/pdd.dir/home/koe/pico/pico-sdk/src/rp2_common/pico_float/float_v1_rom_shim.S.obj
 .debug_info    0x000109e3       0x23 CMakeFiles/pdd.dir/home/koe/pico/pico-sdk/src/rp2_common/pico_mem_ops/mem_ops_aeabi.S.obj
 .debug_info    0x00010a06       0x23 CMakeFiles/pdd.dir/home/koe/pico/pico-sdk/src/rp2_common/pico_standard_link/crt0.S.obj
 .debug_info    0x00010a29      0x2b2 CMakeFiles/pdd.dir/home/koe/pico/pico-sdk/src/rp2_common/pico_standard_link/binary_info.c.obj
 .debug_info    0x00010cdb     0x1725 CMakeFiles/pdd.dir/home/koe/pico/pico-sdk/src/rp2_common/pico_stdio/stdio.c.obj
 .debug_info    0x00012400       0x39 /usr/lib/gcc/arm-none-eabi/12.2.1/thumb/v6-m/nofp/libgcc.a(_dvmd_tls.o)
 .debug_info    0x00012439       0xee /usr/lib/gcc/arm-none-eabi/12.2.1/../../../arm-none-eabi/lib/thumb/v6-m/nofp/libg.a(lib_a-strlen-stub.o)

.debug_abbrev   0x00000000     0x3e8b
 .debug_abbrev  0x00000000      0x1b3 CMakeFiles/pdd.dir/pdd.c.obj
 .debug_abbrev  0x000001b3      0x3a6 CMakeFiles/pdd.dir/home/koe/pico/pico-sdk/src/rp2_common/hardware_gpio/gpio.c.obj
 .debug_abbrev  0x00000559       0xf8 CMakeFiles/pdd.dir/home/koe/pico/pico-sdk/src/rp2_common/pico_platform/platform.c.obj
 .debug_abbrev  0x00000651      0x2ce CMakeFiles/pdd.dir/home/koe/pico/pico-sdk/src/rp2_common/hardware_claim/claim.c.obj
 .debug_abbrev  0x0000091f      0x249 CMakeFiles/pdd.dir/home/koe/pico/pico-sdk/src/rp2_common/hardware_sync/sync.c.obj
 .debug_abbrev  0x00000b68      0x500 CMakeFiles/pdd.dir/home/koe/pico/pico-sdk/src/rp2_common/hardware_irq/irq.c.obj
 .debug_abbrev  0x00001068      0x116 CMakeFiles/pdd.dir/home/koe/pico/pico-sdk/src/common/pico_sync/lock_core.c.obj
 .debug_abbrev  0x0000117e      0x3e8 CMakeFiles/pdd.dir/home/koe/pico/pico-sdk/src/common/pico_sync/mutex.c.obj
 .debug_abbrev  0x00001566      0x5c3 CMakeFiles/pdd.dir/home/koe/pico/pico-sdk/src/common/pico_time/time.c.obj
 .debug_abbrev  0x00001b29      0x3d5 CMakeFiles/pdd.dir/home/koe/pico/pico-sdk/src/rp2_common/hardware_timer/timer.c.obj
 .debug_abbrev  0x00001efe      0x290 CMakeFiles/pdd.dir/home/koe/pico/pico-sdk/src/common/pico_util/pheap.c.obj
 .debug_abbrev  0x0000218e      0x434 CMakeFiles/pdd.dir/home/koe/pico/pico-sdk/src/rp2_common/hardware_clocks/clocks.c.obj
 .debug_abbrev  0x000025c2      0x1e7 CMakeFiles/pdd.dir/home/koe/pico/pico-sdk/src/rp2_common/hardware_pll/pll.c.obj
 .debug_abbrev  0x000027a9      0x1a8 CMakeFiles/pdd.dir/home/koe/pico/pico-sdk/src/rp2_common/hardware_watchdog/watchdog.c.obj
 .debug_abbrev  0x00002951      0x10c CMakeFiles/pdd.dir/home/koe/pico/pico-sdk/src/rp2_common/hardware_xosc/xosc.c.obj
 .debug_abbrev  0x00002a5d      0x530 CMakeFiles/pdd.dir/home/koe/pico/pico-sdk/src/rp2_common/pico_runtime/runtime.c.obj
 .debug_abbrev  0x00002f8d      0x38a CMakeFiles/pdd.dir/home/koe/pico/pico-sdk/src/rp2_common/pico_printf/printf.c.obj
 .debug_abbrev  0x00003317       0x12 CMakeFiles/pdd.dir/home/koe/pico/pico-sdk/src/rp2_common/pico_bit_ops/bit_ops_aeabi.S.obj
 .debug_abbrev  0x00003329      0x167 CMakeFiles/pdd.dir/home/koe/pico/pico-sdk/src/rp2_common/pico_bootrom/bootrom.c.obj
 .debug_abbrev  0x00003490       0x12 CMakeFiles/pdd.dir/home/koe/pico/pico-sdk/src/rp2_common/pico_divider/divider.S.obj
 .debug_abbrev  0x000034a2       0x12 CMakeFiles/pdd.dir/home/koe/pico/pico-sdk/src/rp2_common/pico_double/double_aeabi.S.obj
 .debug_abbrev  0x000034b4      0x1c3 CMakeFiles/pdd.dir/home/koe/pico/pico-sdk/src/rp2_common/pico_double/double_init_rom.c.obj
 .debug_abbrev  0x00003677       0x12 CMakeFiles/pdd.dir/home/koe/pico/pico-sdk/src/rp2_common/pico_double/double_v1_rom_shim.S.obj
 .debug_abbrev  0x00003689       0x14 CMakeFiles/pdd.dir/home/koe/pico/pico-sdk/src/rp2_common/pico_int64_ops/pico_int64_ops_aeabi.S.obj
 .debug_abbrev  0x0000369d       0x12 CMakeFiles/pdd.dir/home/koe/pico/pico-sdk/src/rp2_common/pico_float/float_aeabi.S.obj
 .debug_abbrev  0x000036af      0x1c6 CMakeFiles/pdd.dir/home/koe/pico/pico-sdk/src/rp2_common/pico_float/float_init_rom.c.obj
 .debug_abbrev  0x00003875       0x12 CMakeFiles/pdd.dir/home/koe/pico/pico-sdk/src/rp2_common/pico_float/float_v1_rom_shim.S.obj
 .debug_abbrev  0x00003887       0x12 CMakeFiles/pdd.dir/home/koe/pico/pico-sdk/src/rp2_common/pico_mem_ops/mem_ops_aeabi.S.obj
 .debug_abbrev  0x00003899       0x12 CMakeFiles/pdd.dir/home/koe/pico/pico-sdk/src/rp2_common/pico_standard_link/crt0.S.obj
 .debug_abbrev  0x000038ab       0xb8 CMakeFiles/pdd.dir/home/koe/pico/pico-sdk/src/rp2_common/pico_standard_link/binary_info.c.obj
 .debug_abbrev  0x00003963      0x47a CMakeFiles/pdd.dir/home/koe/pico/pico-sdk/src/rp2_common/pico_stdio/stdio.c.obj
 .debug_abbrev  0x00003ddd       0x1f /usr/lib/gcc/arm-none-eabi/12.2.1/thumb/v6-m/nofp/libgcc.a(_dvmd_tls.o)
 .debug_abbrev  0x00003dfc       0x8f /usr/lib/gcc/arm-none-eabi/12.2.1/../../../arm-none-eabi/lib/thumb/v6-m/nofp/libg.a(lib_a-strlen-stub.o)

.debug_loclists
                0x00000000     0x7136
 .debug_loclists
                0x00000000       0xa8 CMakeFiles/pdd.dir/pdd.c.obj
 .debug_loclists
                0x000000a8      0x9c2 CMakeFiles/pdd.dir/home/koe/pico/pico-sdk/src/rp2_common/hardware_gpio/gpio.c.obj
 .debug_loclists
                0x00000a6a       0x9f CMakeFiles/pdd.dir/home/koe/pico/pico-sdk/src/rp2_common/pico_platform/platform.c.obj
 .debug_loclists
                0x00000b09      0x27b CMakeFiles/pdd.dir/home/koe/pico/pico-sdk/src/rp2_common/hardware_claim/claim.c.obj
 .debug_loclists
                0x00000d84      0x157 CMakeFiles/pdd.dir/home/koe/pico/pico-sdk/src/rp2_common/hardware_sync/sync.c.obj
 .debug_loclists
                0x00000edb      0xc84 CMakeFiles/pdd.dir/home/koe/pico/pico-sdk/src/rp2_common/hardware_irq/irq.c.obj
 .debug_loclists
                0x00001b5f       0x4a CMakeFiles/pdd.dir/home/koe/pico/pico-sdk/src/common/pico_sync/lock_core.c.obj
 .debug_loclists
                0x00001ba9      0x9bf CMakeFiles/pdd.dir/home/koe/pico/pico-sdk/src/common/pico_sync/mutex.c.obj
 .debug_loclists
                0x00002568     0x12c0 CMakeFiles/pdd.dir/home/koe/pico/pico-sdk/src/common/pico_time/time.c.obj
 .debug_loclists
                0x00003828      0x63d CMakeFiles/pdd.dir/home/koe/pico/pico-sdk/src/rp2_common/hardware_timer/timer.c.obj
 .debug_loclists
                0x00003e65      0x690 CMakeFiles/pdd.dir/home/koe/pico/pico-sdk/src/common/pico_util/pheap.c.obj
 .debug_loclists
                0x000044f5      0x502 CMakeFiles/pdd.dir/home/koe/pico/pico-sdk/src/rp2_common/hardware_clocks/clocks.c.obj
 .debug_loclists
                0x000049f7      0x1f0 CMakeFiles/pdd.dir/home/koe/pico/pico-sdk/src/rp2_common/hardware_pll/pll.c.obj
 .debug_loclists
                0x00004be7      0x1c7 CMakeFiles/pdd.dir/home/koe/pico/pico-sdk/src/rp2_common/hardware_watchdog/watchdog.c.obj
 .debug_loclists
                0x00004dae       0x48 CMakeFiles/pdd.dir/home/koe/pico/pico-sdk/src/rp2_common/hardware_xosc/xosc.c.obj
 .debug_loclists
                0x00004df6      0x36a CMakeFiles/pdd.dir/home/koe/pico/pico-sdk/src/rp2_common/pico_runtime/runtime.c.obj
 .debug_loclists
                0x00005160     0x1640 CMakeFiles/pdd.dir/home/koe/pico/pico-sdk/src/rp2_common/pico_printf/printf.c.obj
 .debug_loclists
                0x000067a0      0x12f CMakeFiles/pdd.dir/home/koe/pico/pico-sdk/src/rp2_common/pico_bootrom/bootrom.c.obj
 .debug_loclists
                0x000068cf       0x41 CMakeFiles/pdd.dir/home/koe/pico/pico-sdk/src/rp2_common/pico_double/double_init_rom.c.obj
 .debug_loclists
                0x00006910       0x4f CMakeFiles/pdd.dir/home/koe/pico/pico-sdk/src/rp2_common/pico_float/float_init_rom.c.obj
 .debug_loclists
                0x0000695f      0x7d7 CMakeFiles/pdd.dir/home/koe/pico/pico-sdk/src/rp2_common/pico_stdio/stdio.c.obj

.debug_aranges  0x00000000      0xef8
 .debug_aranges
                0x00000000       0x20 CMakeFiles/pdd.dir/pdd.c.obj
 .debug_aranges
                0x00000020      0x100 CMakeFiles/pdd.dir/home/koe/pico/pico-sdk/src/rp2_common/hardware_gpio/gpio.c.obj
 .debug_aranges
                0x00000120       0x28 CMakeFiles/pdd.dir/home/koe/pico/pico-sdk/src/rp2_common/pico_platform/platform.c.obj
 .debug_aranges
                0x00000148       0x48 CMakeFiles/pdd.dir/home/koe/pico/pico-sdk/src/rp2_common/hardware_claim/claim.c.obj
 .debug_aranges
                0x00000190       0x58 CMakeFiles/pdd.dir/home/koe/pico/pico-sdk/src/rp2_common/hardware_sync/sync.c.obj
 .debug_aranges
                0x000001e8       0xd0 CMakeFiles/pdd.dir/home/koe/pico/pico-sdk/src/rp2_common/hardware_irq/irq.c.obj
 .debug_aranges
                0x000002b8       0x20 CMakeFiles/pdd.dir/home/koe/pico/pico-sdk/src/common/pico_sync/lock_core.c.obj
 .debug_aranges
                0x000002d8       0xc0 CMakeFiles/pdd.dir/home/koe/pico/pico-sdk/src/common/pico_sync/mutex.c.obj
 .debug_aranges
                0x00000398      0x158 CMakeFiles/pdd.dir/home/koe/pico/pico-sdk/src/common/pico_time/time.c.obj
 .debug_aranges
                0x000004f0       0x90 CMakeFiles/pdd.dir/home/koe/pico/pico-sdk/src/rp2_common/hardware_timer/timer.c.obj
 .debug_aranges
                0x00000580       0x80 CMakeFiles/pdd.dir/home/koe/pico/pico-sdk/src/common/pico_util/pheap.c.obj
 .debug_aranges
                0x00000600       0x70 CMakeFiles/pdd.dir/home/koe/pico/pico-sdk/src/rp2_common/hardware_clocks/clocks.c.obj
 .debug_aranges
                0x00000670       0x28 CMakeFiles/pdd.dir/home/koe/pico/pico-sdk/src/rp2_common/hardware_pll/pll.c.obj
 .debug_aranges
                0x00000698       0x58 CMakeFiles/pdd.dir/home/koe/pico/pico-sdk/src/rp2_common/hardware_watchdog/watchdog.c.obj
 .debug_aranges
                0x000006f0       0x30 CMakeFiles/pdd.dir/home/koe/pico/pico-sdk/src/rp2_common/hardware_xosc/xosc.c.obj
 .debug_aranges
                0x00000720       0x98 CMakeFiles/pdd.dir/home/koe/pico/pico-sdk/src/rp2_common/pico_runtime/runtime.c.obj
 .debug_aranges
                0x000007b8       0x90 CMakeFiles/pdd.dir/home/koe/pico/pico-sdk/src/rp2_common/pico_printf/printf.c.obj
 .debug_aranges
                0x00000848       0x68 CMakeFiles/pdd.dir/home/koe/pico/pico-sdk/src/rp2_common/pico_bit_ops/bit_ops_aeabi.S.obj
 .debug_aranges
                0x000008b0       0x30 CMakeFiles/pdd.dir/home/koe/pico/pico-sdk/src/rp2_common/pico_bootrom/bootrom.c.obj
 .debug_aranges
                0x000008e0       0x40 CMakeFiles/pdd.dir/home/koe/pico/pico-sdk/src/rp2_common/pico_divider/divider.S.obj
 .debug_aranges
                0x00000920      0x140 CMakeFiles/pdd.dir/home/koe/pico/pico-sdk/src/rp2_common/pico_double/double_aeabi.S.obj
 .debug_aranges
                0x00000a60       0x20 CMakeFiles/pdd.dir/home/koe/pico/pico-sdk/src/rp2_common/pico_double/double_init_rom.c.obj
 .debug_aranges
                0x00000a80       0xc8 CMakeFiles/pdd.dir/home/koe/pico/pico-sdk/src/rp2_common/pico_double/double_v1_rom_shim.S.obj
 .debug_aranges
                0x00000b48       0x20 CMakeFiles/pdd.dir/home/koe/pico/pico-sdk/src/rp2_common/pico_int64_ops/pico_int64_ops_aeabi.S.obj
 .debug_aranges
                0x00000b68      0x130 CMakeFiles/pdd.dir/home/koe/pico/pico-sdk/src/rp2_common/pico_float/float_aeabi.S.obj
 .debug_aranges
                0x00000c98       0x20 CMakeFiles/pdd.dir/home/koe/pico/pico-sdk/src/rp2_common/pico_float/float_init_rom.c.obj
 .debug_aranges
                0x00000cb8       0x50 CMakeFiles/pdd.dir/home/koe/pico/pico-sdk/src/rp2_common/pico_float/float_v1_rom_shim.S.obj
 .debug_aranges
                0x00000d08       0x38 CMakeFiles/pdd.dir/home/koe/pico/pico-sdk/src/rp2_common/pico_mem_ops/mem_ops_aeabi.S.obj
 .debug_aranges
                0x00000d40       0x28 CMakeFiles/pdd.dir/home/koe/pico/pico-sdk/src/rp2_common/pico_standard_link/crt0.S.obj
 .debug_aranges
                0x00000d68       0x18 CMakeFiles/pdd.dir/home/koe/pico/pico-sdk/src/rp2_common/pico_standard_link/binary_info.c.obj
 .debug_aranges
                0x00000d80      0x138 CMakeFiles/pdd.dir/home/koe/pico/pico-sdk/src/rp2_common/pico_stdio/stdio.c.obj
 .debug_aranges
                0x00000eb8       0x20 /usr/lib/gcc/arm-none-eabi/12.2.1/thumb/v6-m/nofp/libgcc.a(_dvmd_tls.o)
 .debug_aranges
                0x00000ed8       0x20 /usr/lib/gcc/arm-none-eabi/12.2.1/../../../arm-none-eabi/lib/thumb/v6-m/nofp/libg.a(lib_a-strlen-stub.o)

.debug_rnglists
                0x00000000      0xca2
 .debug_rnglists
                0x00000000       0x13 CMakeFiles/pdd.dir/pdd.c.obj
 .debug_rnglists
                0x00000013       0xec CMakeFiles/pdd.dir/home/koe/pico/pico-sdk/src/rp2_common/hardware_gpio/gpio.c.obj
 .debug_rnglists
                0x000000ff       0x19 CMakeFiles/pdd.dir/home/koe/pico/pico-sdk/src/rp2_common/pico_platform/platform.c.obj
 .debug_rnglists
                0x00000118       0x31 CMakeFiles/pdd.dir/home/koe/pico/pico-sdk/src/rp2_common/hardware_claim/claim.c.obj
 .debug_rnglists
                0x00000149       0x3d CMakeFiles/pdd.dir/home/koe/pico/pico-sdk/src/rp2_common/hardware_sync/sync.c.obj
 .debug_rnglists
                0x00000186       0xf0 CMakeFiles/pdd.dir/home/koe/pico/pico-sdk/src/rp2_common/hardware_irq/irq.c.obj
 .debug_rnglists
                0x00000276       0x13 CMakeFiles/pdd.dir/home/koe/pico/pico-sdk/src/common/pico_sync/lock_core.c.obj
 .debug_rnglists
                0x00000289       0xcf CMakeFiles/pdd.dir/home/koe/pico/pico-sdk/src/common/pico_sync/mutex.c.obj
 .debug_rnglists
                0x00000358      0x17a CMakeFiles/pdd.dir/home/koe/pico/pico-sdk/src/common/pico_time/time.c.obj
 .debug_rnglists
                0x000004d2       0x6a CMakeFiles/pdd.dir/home/koe/pico/pico-sdk/src/rp2_common/hardware_timer/timer.c.obj
 .debug_rnglists
                0x0000053c       0x8e CMakeFiles/pdd.dir/home/koe/pico/pico-sdk/src/common/pico_util/pheap.c.obj
 .debug_rnglists
                0x000005ca       0x51 CMakeFiles/pdd.dir/home/koe/pico/pico-sdk/src/rp2_common/hardware_clocks/clocks.c.obj
 .debug_rnglists
                0x0000061b       0x1a CMakeFiles/pdd.dir/home/koe/pico/pico-sdk/src/rp2_common/hardware_pll/pll.c.obj
 .debug_rnglists
                0x00000635       0x3d CMakeFiles/pdd.dir/home/koe/pico/pico-sdk/src/rp2_common/hardware_watchdog/watchdog.c.obj
 .debug_rnglists
                0x00000672       0x1f CMakeFiles/pdd.dir/home/koe/pico/pico-sdk/src/rp2_common/hardware_xosc/xosc.c.obj
 .debug_rnglists
                0x00000691       0x7a CMakeFiles/pdd.dir/home/koe/pico/pico-sdk/src/rp2_common/pico_runtime/runtime.c.obj
 .debug_rnglists
                0x0000070b       0xc2 CMakeFiles/pdd.dir/home/koe/pico/pico-sdk/src/rp2_common/pico_printf/printf.c.obj
 .debug_rnglists
                0x000007cd       0x49 CMakeFiles/pdd.dir/home/koe/pico/pico-sdk/src/rp2_common/pico_bit_ops/bit_ops_aeabi.S.obj
 .debug_rnglists
                0x00000816       0x2b CMakeFiles/pdd.dir/home/koe/pico/pico-sdk/src/rp2_common/pico_bootrom/bootrom.c.obj
 .debug_rnglists
                0x00000841       0x2c CMakeFiles/pdd.dir/home/koe/pico/pico-sdk/src/rp2_common/pico_divider/divider.S.obj
 .debug_rnglists
                0x0000086d       0xed CMakeFiles/pdd.dir/home/koe/pico/pico-sdk/src/rp2_common/pico_double/double_aeabi.S.obj
 .debug_rnglists
                0x0000095a       0x21 CMakeFiles/pdd.dir/home/koe/pico/pico-sdk/src/rp2_common/pico_double/double_init_rom.c.obj
 .debug_rnglists
                0x0000097b       0x99 CMakeFiles/pdd.dir/home/koe/pico/pico-sdk/src/rp2_common/pico_double/double_v1_rom_shim.S.obj
 .debug_rnglists
                0x00000a14       0xdf CMakeFiles/pdd.dir/home/koe/pico/pico-sdk/src/rp2_common/pico_float/float_aeabi.S.obj
 .debug_rnglists
                0x00000af3       0x20 CMakeFiles/pdd.dir/home/koe/pico/pico-sdk/src/rp2_common/pico_float/float_init_rom.c.obj
 .debug_rnglists
                0x00000b13       0x38 CMakeFiles/pdd.dir/home/koe/pico/pico-sdk/src/rp2_common/pico_float/float_v1_rom_shim.S.obj
 .debug_rnglists
                0x00000b4b       0x25 CMakeFiles/pdd.dir/home/koe/pico/pico-sdk/src/rp2_common/pico_mem_ops/mem_ops_aeabi.S.obj
 .debug_rnglists
                0x00000b70       0x1b CMakeFiles/pdd.dir/home/koe/pico/pico-sdk/src/rp2_common/pico_standard_link/crt0.S.obj
 .debug_rnglists
                0x00000b8b      0x117 CMakeFiles/pdd.dir/home/koe/pico/pico-sdk/src/rp2_common/pico_stdio/stdio.c.obj

.debug_line     0x00000000     0xb982
 .debug_line    0x00000000      0x2cb CMakeFiles/pdd.dir/pdd.c.obj
 .debug_line    0x000002cb      0xb3c CMakeFiles/pdd.dir/home/koe/pico/pico-sdk/src/rp2_common/hardware_gpio/gpio.c.obj
 .debug_line    0x00000e07      0x1d9 CMakeFiles/pdd.dir/home/koe/pico/pico-sdk/src/rp2_common/pico_platform/platform.c.obj
 .debug_line    0x00000fe0      0x3a8 CMakeFiles/pdd.dir/home/koe/pico/pico-sdk/src/rp2_common/hardware_claim/claim.c.obj
 .debug_line    0x00001388      0x3ae CMakeFiles/pdd.dir/home/koe/pico/pico-sdk/src/rp2_common/hardware_sync/sync.c.obj
 .debug_line    0x00001736      0xe9b CMakeFiles/pdd.dir/home/koe/pico/pico-sdk/src/rp2_common/hardware_irq/irq.c.obj
 .debug_line    0x000025d1      0x19d CMakeFiles/pdd.dir/home/koe/pico/pico-sdk/src/common/pico_sync/lock_core.c.obj
 .debug_line    0x0000276e      0xf05 CMakeFiles/pdd.dir/home/koe/pico/pico-sdk/src/common/pico_sync/mutex.c.obj
 .debug_line    0x00003673     0x16b4 CMakeFiles/pdd.dir/home/koe/pico/pico-sdk/src/common/pico_time/time.c.obj
 .debug_line    0x00004d27      0xabd CMakeFiles/pdd.dir/home/koe/pico/pico-sdk/src/rp2_common/hardware_timer/timer.c.obj
 .debug_line    0x000057e4      0x6ab CMakeFiles/pdd.dir/home/koe/pico/pico-sdk/src/common/pico_util/pheap.c.obj
 .debug_line    0x00005e8f      0x8db CMakeFiles/pdd.dir/home/koe/pico/pico-sdk/src/rp2_common/hardware_clocks/clocks.c.obj
 .debug_line    0x0000676a      0x493 CMakeFiles/pdd.dir/home/koe/pico/pico-sdk/src/rp2_common/hardware_pll/pll.c.obj
 .debug_line    0x00006bfd      0x3a4 CMakeFiles/pdd.dir/home/koe/pico/pico-sdk/src/rp2_common/hardware_watchdog/watchdog.c.obj
 .debug_line    0x00006fa1      0x218 CMakeFiles/pdd.dir/home/koe/pico/pico-sdk/src/rp2_common/hardware_xosc/xosc.c.obj
 .debug_line    0x000071b9      0x9c6 CMakeFiles/pdd.dir/home/koe/pico/pico-sdk/src/rp2_common/pico_runtime/runtime.c.obj
 .debug_line    0x00007b7f     0x116b CMakeFiles/pdd.dir/home/koe/pico/pico-sdk/src/rp2_common/pico_printf/printf.c.obj
 .debug_line    0x00008cea      0x11a CMakeFiles/pdd.dir/home/koe/pico/pico-sdk/src/rp2_common/pico_bit_ops/bit_ops_aeabi.S.obj
 .debug_line    0x00008e04      0x1de CMakeFiles/pdd.dir/home/koe/pico/pico-sdk/src/rp2_common/pico_bootrom/bootrom.c.obj
 .debug_line    0x00008fe2      0x2a9 CMakeFiles/pdd.dir/home/koe/pico/pico-sdk/src/rp2_common/pico_divider/divider.S.obj
 .debug_line    0x0000928b      0x3fa CMakeFiles/pdd.dir/home/koe/pico/pico-sdk/src/rp2_common/pico_double/double_aeabi.S.obj
 .debug_line    0x00009685      0x294 CMakeFiles/pdd.dir/home/koe/pico/pico-sdk/src/rp2_common/pico_double/double_init_rom.c.obj
 .debug_line    0x00009919      0x66c CMakeFiles/pdd.dir/home/koe/pico/pico-sdk/src/rp2_common/pico_double/double_v1_rom_shim.S.obj
 .debug_line    0x00009f85       0x61 CMakeFiles/pdd.dir/home/koe/pico/pico-sdk/src/rp2_common/pico_int64_ops/pico_int64_ops_aeabi.S.obj
 .debug_line    0x00009fe6      0x3b2 CMakeFiles/pdd.dir/home/koe/pico/pico-sdk/src/rp2_common/pico_float/float_aeabi.S.obj
 .debug_line    0x0000a398      0x297 CMakeFiles/pdd.dir/home/koe/pico/pico-sdk/src/rp2_common/pico_float/float_init_rom.c.obj
 .debug_line    0x0000a62f      0x198 CMakeFiles/pdd.dir/home/koe/pico/pico-sdk/src/rp2_common/pico_float/float_v1_rom_shim.S.obj